<?xml version="1.0"?>
<link_info>
   <banner>TI ARM Linker PC v5.2.5</banner>
   <copyright>Copyright (c) 1996-2015 Texas Instruments Incorporated</copyright>
   <link_time>0x583fadc0</link_time>
   <link_errors>0x0</link_errors>
   <output_file>Stepper_test.out</output_file>
   <entry_point>
      <name>_c_int00</name>
      <address>0x440d</address>
   </entry_point>
   <input_file_list>
      <input_file id="fl-2">
         <path>.\</path>
         <kind>object</kind>
         <file>console.obj</file>
         <name>console.obj</name>
      </input_file>
      <input_file id="fl-3">
         <path>.\</path>
         <kind>object</kind>
         <file>lcd12864.obj</file>
         <name>lcd12864.obj</name>
      </input_file>
      <input_file id="fl-4">
         <path>.\</path>
         <kind>object</kind>
         <file>main.obj</file>
         <name>main.obj</name>
      </input_file>
      <input_file id="fl-5">
         <path>.\</path>
         <kind>object</kind>
         <file>motion.obj</file>
         <name>motion.obj</name>
      </input_file>
      <input_file id="fl-6">
         <path>.\</path>
         <kind>object</kind>
         <file>parser.obj</file>
         <name>parser.obj</name>
      </input_file>
      <input_file id="fl-7">
         <path>.\</path>
         <kind>object</kind>
         <file>planner.obj</file>
         <name>planner.obj</name>
      </input_file>
      <input_file id="fl-8">
         <path>.\</path>
         <kind>object</kind>
         <file>queue.obj</file>
         <name>queue.obj</name>
      </input_file>
      <input_file id="fl-9">
         <path>.\</path>
         <kind>object</kind>
         <file>spindle.obj</file>
         <name>spindle.obj</name>
      </input_file>
      <input_file id="fl-a">
         <path>.\</path>
         <kind>object</kind>
         <file>stepper.obj</file>
         <name>stepper.obj</name>
      </input_file>
      <input_file id="fl-b">
         <path>.\</path>
         <kind>object</kind>
         <file>system.obj</file>
         <name>system.obj</name>
      </input_file>
      <input_file id="fl-c">
         <path>.\</path>
         <kind>object</kind>
         <file>tm4c123gh6pm_startup_ccs.obj</file>
         <name>tm4c123gh6pm_startup_ccs.obj</name>
      </input_file>
      <input_file id="fl-d">
         <path>.\</path>
         <kind>object</kind>
         <file>tokenizer.obj</file>
         <name>tokenizer.obj</name>
      </input_file>
      <input_file id="fl-e">
         <path>.\</path>
         <kind>object</kind>
         <file>uartstdio.obj</file>
         <name>uartstdio.obj</name>
      </input_file>
      <input_file id="fl-14">
         <path>C:\ti\TivaWare_C_Series-2.1.2.111\driverlib\ccs\Debug\</path>
         <kind>archive</kind>
         <file>driverlib.lib</file>
         <name>gpio.obj</name>
      </input_file>
      <input_file id="fl-15">
         <path>C:\ti\TivaWare_C_Series-2.1.2.111\driverlib\ccs\Debug\</path>
         <kind>archive</kind>
         <file>driverlib.lib</file>
         <name>interrupt.obj</name>
      </input_file>
      <input_file id="fl-16">
         <path>C:\ti\TivaWare_C_Series-2.1.2.111\driverlib\ccs\Debug\</path>
         <kind>archive</kind>
         <file>driverlib.lib</file>
         <name>pwm.obj</name>
      </input_file>
      <input_file id="fl-17">
         <path>C:\ti\TivaWare_C_Series-2.1.2.111\driverlib\ccs\Debug\</path>
         <kind>archive</kind>
         <file>driverlib.lib</file>
         <name>ssi.obj</name>
      </input_file>
      <input_file id="fl-18">
         <path>C:\ti\TivaWare_C_Series-2.1.2.111\driverlib\ccs\Debug\</path>
         <kind>archive</kind>
         <file>driverlib.lib</file>
         <name>sysctl.obj</name>
      </input_file>
      <input_file id="fl-19">
         <path>C:\ti\TivaWare_C_Series-2.1.2.111\driverlib\ccs\Debug\</path>
         <kind>archive</kind>
         <file>driverlib.lib</file>
         <name>timer.obj</name>
      </input_file>
      <input_file id="fl-1a">
         <path>C:\ti\TivaWare_C_Series-2.1.2.111\driverlib\ccs\Debug\</path>
         <kind>archive</kind>
         <file>driverlib.lib</file>
         <name>uart.obj</name>
      </input_file>
      <input_file id="fl-1b">
         <path>C:\ti\TivaWare_C_Series-2.1.2.111\driverlib\ccs\Debug\</path>
         <kind>archive</kind>
         <file>driverlib.lib</file>
         <name>cpu.obj</name>
      </input_file>
      <input_file id="fl-13d">
         <path>C:\ti\ccsv6\tools\compiler\ti-cgt-arm_5.2.5\lib\</path>
         <kind>archive</kind>
         <file>rtsv7M4_T_le_v4SPD16_eabi.lib</file>
         <name>atan2.obj</name>
      </input_file>
      <input_file id="fl-13e">
         <path>C:\ti\ccsv6\tools\compiler\ti-cgt-arm_5.2.5\lib\</path>
         <kind>archive</kind>
         <file>rtsv7M4_T_le_v4SPD16_eabi.lib</file>
         <name>atof.obj</name>
      </input_file>
      <input_file id="fl-13f">
         <path>C:\ti\ccsv6\tools\compiler\ti-cgt-arm_5.2.5\lib\</path>
         <kind>archive</kind>
         <file>rtsv7M4_T_le_v4SPD16_eabi.lib</file>
         <name>boot.obj</name>
      </input_file>
      <input_file id="fl-140">
         <path>C:\ti\ccsv6\tools\compiler\ti-cgt-arm_5.2.5\lib\</path>
         <kind>archive</kind>
         <file>rtsv7M4_T_le_v4SPD16_eabi.lib</file>
         <name>copy_decompress_none.obj</name>
      </input_file>
      <input_file id="fl-141">
         <path>C:\ti\ccsv6\tools\compiler\ti-cgt-arm_5.2.5\lib\</path>
         <kind>archive</kind>
         <file>rtsv7M4_T_le_v4SPD16_eabi.lib</file>
         <name>copy_decompress_rle.obj</name>
      </input_file>
      <input_file id="fl-142">
         <path>C:\ti\ccsv6\tools\compiler\ti-cgt-arm_5.2.5\lib\</path>
         <kind>archive</kind>
         <file>rtsv7M4_T_le_v4SPD16_eabi.lib</file>
         <name>copy_zero_init.obj</name>
      </input_file>
      <input_file id="fl-143">
         <path>C:\ti\ccsv6\tools\compiler\ti-cgt-arm_5.2.5\lib\</path>
         <kind>archive</kind>
         <file>rtsv7M4_T_le_v4SPD16_eabi.lib</file>
         <name>cos.obj</name>
      </input_file>
      <input_file id="fl-144">
         <path>C:\ti\ccsv6\tools\compiler\ti-cgt-arm_5.2.5\lib\</path>
         <kind>archive</kind>
         <file>rtsv7M4_T_le_v4SPD16_eabi.lib</file>
         <name>exit.obj</name>
      </input_file>
      <input_file id="fl-145">
         <path>C:\ti\ccsv6\tools\compiler\ti-cgt-arm_5.2.5\lib\</path>
         <kind>archive</kind>
         <file>rtsv7M4_T_le_v4SPD16_eabi.lib</file>
         <name>fd_add_t2.obj</name>
      </input_file>
      <input_file id="fl-146">
         <path>C:\ti\ccsv6\tools\compiler\ti-cgt-arm_5.2.5\lib\</path>
         <kind>archive</kind>
         <file>rtsv7M4_T_le_v4SPD16_eabi.lib</file>
         <name>fd_cmp_t2.obj</name>
      </input_file>
      <input_file id="fl-147">
         <path>C:\ti\ccsv6\tools\compiler\ti-cgt-arm_5.2.5\lib\</path>
         <kind>archive</kind>
         <file>rtsv7M4_T_le_v4SPD16_eabi.lib</file>
         <name>fd_div_t2.obj</name>
      </input_file>
      <input_file id="fl-148">
         <path>C:\ti\ccsv6\tools\compiler\ti-cgt-arm_5.2.5\lib\</path>
         <kind>archive</kind>
         <file>rtsv7M4_T_le_v4SPD16_eabi.lib</file>
         <name>fd_mul_t2.obj</name>
      </input_file>
      <input_file id="fl-149">
         <path>C:\ti\ccsv6\tools\compiler\ti-cgt-arm_5.2.5\lib\</path>
         <kind>archive</kind>
         <file>rtsv7M4_T_le_v4SPD16_eabi.lib</file>
         <name>fd_tos_t2.obj</name>
      </input_file>
      <input_file id="fl-14a">
         <path>C:\ti\ccsv6\tools\compiler\ti-cgt-arm_5.2.5\lib\</path>
         <kind>archive</kind>
         <file>rtsv7M4_T_le_v4SPD16_eabi.lib</file>
         <name>fd_tou_t2.obj</name>
      </input_file>
      <input_file id="fl-14b">
         <path>C:\ti\ccsv6\tools\compiler\ti-cgt-arm_5.2.5\lib\</path>
         <kind>archive</kind>
         <file>rtsv7M4_T_le_v4SPD16_eabi.lib</file>
         <name>floor.obj</name>
      </input_file>
      <input_file id="fl-14c">
         <path>C:\ti\ccsv6\tools\compiler\ti-cgt-arm_5.2.5\lib\</path>
         <kind>archive</kind>
         <file>rtsv7M4_T_le_v4SPD16_eabi.lib</file>
         <name>fs_tod_t2.obj</name>
      </input_file>
      <input_file id="fl-14d">
         <path>C:\ti\ccsv6\tools\compiler\ti-cgt-arm_5.2.5\lib\</path>
         <kind>archive</kind>
         <file>rtsv7M4_T_le_v4SPD16_eabi.lib</file>
         <name>hypot.obj</name>
      </input_file>
      <input_file id="fl-14e">
         <path>C:\ti\ccsv6\tools\compiler\ti-cgt-arm_5.2.5\lib\</path>
         <kind>archive</kind>
         <file>rtsv7M4_T_le_v4SPD16_eabi.lib</file>
         <name>i_tofd_t2.obj</name>
      </input_file>
      <input_file id="fl-14f">
         <path>C:\ti\ccsv6\tools\compiler\ti-cgt-arm_5.2.5\lib\</path>
         <kind>archive</kind>
         <file>rtsv7M4_T_le_v4SPD16_eabi.lib</file>
         <name>lround.obj</name>
      </input_file>
      <input_file id="fl-150">
         <path>C:\ti\ccsv6\tools\compiler\ti-cgt-arm_5.2.5\lib\</path>
         <kind>archive</kind>
         <file>rtsv7M4_T_le_v4SPD16_eabi.lib</file>
         <name>ltoa.obj</name>
      </input_file>
      <input_file id="fl-151">
         <path>C:\ti\ccsv6\tools\compiler\ti-cgt-arm_5.2.5\lib\</path>
         <kind>archive</kind>
         <file>rtsv7M4_T_le_v4SPD16_eabi.lib</file>
         <name>memcpy_t2.obj</name>
      </input_file>
      <input_file id="fl-152">
         <path>C:\ti\ccsv6\tools\compiler\ti-cgt-arm_5.2.5\lib\</path>
         <kind>archive</kind>
         <file>rtsv7M4_T_le_v4SPD16_eabi.lib</file>
         <name>memset_t2.obj</name>
      </input_file>
      <input_file id="fl-153">
         <path>C:\ti\ccsv6\tools\compiler\ti-cgt-arm_5.2.5\lib\</path>
         <kind>archive</kind>
         <file>rtsv7M4_T_le_v4SPD16_eabi.lib</file>
         <name>pre_init.obj</name>
      </input_file>
      <input_file id="fl-154">
         <path>C:\ti\ccsv6\tools\compiler\ti-cgt-arm_5.2.5\lib\</path>
         <kind>archive</kind>
         <file>rtsv7M4_T_le_v4SPD16_eabi.lib</file>
         <name>sin.obj</name>
      </input_file>
      <input_file id="fl-155">
         <path>C:\ti\ccsv6\tools\compiler\ti-cgt-arm_5.2.5\lib\</path>
         <kind>archive</kind>
         <file>rtsv7M4_T_le_v4SPD16_eabi.lib</file>
         <name>sqrt.obj</name>
      </input_file>
      <input_file id="fl-156">
         <path>C:\ti\ccsv6\tools\compiler\ti-cgt-arm_5.2.5\lib\</path>
         <kind>archive</kind>
         <file>rtsv7M4_T_le_v4SPD16_eabi.lib</file>
         <name>stkdepth_vars.obj</name>
      </input_file>
      <input_file id="fl-157">
         <path>C:\ti\ccsv6\tools\compiler\ti-cgt-arm_5.2.5\lib\</path>
         <kind>archive</kind>
         <file>rtsv7M4_T_le_v4SPD16_eabi.lib</file>
         <name>strtod.obj</name>
      </input_file>
      <input_file id="fl-158">
         <path>C:\ti\ccsv6\tools\compiler\ti-cgt-arm_5.2.5\lib\</path>
         <kind>archive</kind>
         <file>rtsv7M4_T_le_v4SPD16_eabi.lib</file>
         <name>trunc.obj</name>
      </input_file>
      <input_file id="fl-159">
         <path>C:\ti\ccsv6\tools\compiler\ti-cgt-arm_5.2.5\lib\</path>
         <kind>archive</kind>
         <file>rtsv7M4_T_le_v4SPD16_eabi.lib</file>
         <name>u_divt2.obj</name>
      </input_file>
      <input_file id="fl-15a">
         <path>C:\ti\ccsv6\tools\compiler\ti-cgt-arm_5.2.5\lib\</path>
         <kind>archive</kind>
         <file>rtsv7M4_T_le_v4SPD16_eabi.lib</file>
         <name>xatan.obj</name>
      </input_file>
      <input_file id="fl-15b">
         <path>C:\ti\ccsv6\tools\compiler\ti-cgt-arm_5.2.5\lib\</path>
         <kind>archive</kind>
         <file>rtsv7M4_T_le_v4SPD16_eabi.lib</file>
         <name>xdint.obj</name>
      </input_file>
      <input_file id="fl-15c">
         <path>C:\ti\ccsv6\tools\compiler\ti-cgt-arm_5.2.5\lib\</path>
         <kind>archive</kind>
         <file>rtsv7M4_T_le_v4SPD16_eabi.lib</file>
         <name>xdscale.obj</name>
      </input_file>
      <input_file id="fl-15d">
         <path>C:\ti\ccsv6\tools\compiler\ti-cgt-arm_5.2.5\lib\</path>
         <kind>archive</kind>
         <file>rtsv7M4_T_le_v4SPD16_eabi.lib</file>
         <name>xdunscal.obj</name>
      </input_file>
      <input_file id="fl-15e">
         <path>C:\ti\ccsv6\tools\compiler\ti-cgt-arm_5.2.5\lib\</path>
         <kind>archive</kind>
         <file>rtsv7M4_T_le_v4SPD16_eabi.lib</file>
         <name>xferaise.obj</name>
      </input_file>
      <input_file id="fl-15f">
         <path>C:\ti\ccsv6\tools\compiler\ti-cgt-arm_5.2.5\lib\</path>
         <kind>archive</kind>
         <file>rtsv7M4_T_le_v4SPD16_eabi.lib</file>
         <name>xhypot.obj</name>
      </input_file>
      <input_file id="fl-160">
         <path>C:\ti\ccsv6\tools\compiler\ti-cgt-arm_5.2.5\lib\</path>
         <kind>archive</kind>
         <file>rtsv7M4_T_le_v4SPD16_eabi.lib</file>
         <name>xsin.obj</name>
      </input_file>
      <input_file id="fl-161">
         <path>C:\ti\ccsv6\tools\compiler\ti-cgt-arm_5.2.5\lib\</path>
         <kind>archive</kind>
         <file>rtsv7M4_T_le_v4SPD16_eabi.lib</file>
         <name>xvalues.obj</name>
      </input_file>
      <input_file id="fl-162">
         <path>C:\ti\ccsv6\tools\compiler\ti-cgt-arm_5.2.5\lib\</path>
         <kind>archive</kind>
         <file>rtsv7M4_T_le_v4SPD16_eabi.lib</file>
         <name>_lock.obj</name>
      </input_file>
      <input_file id="fl-163">
         <path>C:\ti\ccsv6\tools\compiler\ti-cgt-arm_5.2.5\lib\</path>
         <kind>archive</kind>
         <file>rtsv7M4_T_le_v4SPD16_eabi.lib</file>
         <name>args_main.obj</name>
      </input_file>
      <input_file id="fl-164">
         <path>C:\ti\ccsv6\tools\compiler\ti-cgt-arm_5.2.5\lib\</path>
         <kind>archive</kind>
         <file>rtsv7M4_T_le_v4SPD16_eabi.lib</file>
         <name>autoinit.obj</name>
      </input_file>
      <input_file id="fl-165">
         <path>C:\ti\ccsv6\tools\compiler\ti-cgt-arm_5.2.5\lib\</path>
         <kind>archive</kind>
         <file>rtsv7M4_T_le_v4SPD16_eabi.lib</file>
         <name>cpy_tbl.obj</name>
      </input_file>
      <input_file id="fl-166">
         <path>C:\ti\ccsv6\tools\compiler\ti-cgt-arm_5.2.5\lib\</path>
         <kind>archive</kind>
         <file>rtsv7M4_T_le_v4SPD16_eabi.lib</file>
         <name>ctype.obj</name>
      </input_file>
      <input_file id="fl-167">
         <path>C:\ti\ccsv6\tools\compiler\ti-cgt-arm_5.2.5\lib\</path>
         <kind>archive</kind>
         <file>rtsv7M4_T_le_v4SPD16_eabi.lib</file>
         <name>errno.obj</name>
      </input_file>
      <input_file id="fl-168">
         <path>C:\ti\ccsv6\tools\compiler\ti-cgt-arm_5.2.5\lib\</path>
         <kind>archive</kind>
         <file>rtsv7M4_T_le_v4SPD16_eabi.lib</file>
         <name>fd_toi_t2.obj</name>
      </input_file>
      <input_file id="fl-169">
         <path>C:\ti\ccsv6\tools\compiler\ti-cgt-arm_5.2.5\lib\</path>
         <kind>archive</kind>
         <file>rtsv7M4_T_le_v4SPD16_eabi.lib</file>
         <name>feraiseexcept.obj</name>
      </input_file>
      <input_file id="fl-16a">
         <path>C:\ti\ccsv6\tools\compiler\ti-cgt-arm_5.2.5\lib\</path>
         <kind>archive</kind>
         <file>rtsv7M4_T_le_v4SPD16_eabi.lib</file>
         <name>fmod.obj</name>
      </input_file>
      <input_file id="fl-16b">
         <path>C:\ti\ccsv6\tools\compiler\ti-cgt-arm_5.2.5\lib\</path>
         <kind>archive</kind>
         <file>rtsv7M4_T_le_v4SPD16_eabi.lib</file>
         <name>i_div0.obj</name>
      </input_file>
      <input_file id="fl-16c">
         <path>C:\ti\ccsv6\tools\compiler\ti-cgt-arm_5.2.5\lib\</path>
         <kind>archive</kind>
         <file>rtsv7M4_T_le_v4SPD16_eabi.lib</file>
         <name>raise.obj</name>
      </input_file>
      <input_file id="fl-16d">
         <path>C:\ti\ccsv6\tools\compiler\ti-cgt-arm_5.2.5\lib\</path>
         <kind>archive</kind>
         <file>rtsv7M4_T_le_v4SPD16_eabi.lib</file>
         <name>signal.obj</name>
      </input_file>
      <input_file id="fl-16e">
         <path>C:\ti\ccsv6\tools\compiler\ti-cgt-arm_5.2.5\lib\</path>
         <kind>archive</kind>
         <file>rtsv7M4_T_le_v4SPD16_eabi.lib</file>
         <name>xdnorm.obj</name>
      </input_file>
   </input_file_list>
   <object_component_list>
      <object_component id="oc-f">
         <name>.intvecs</name>
         <load_address>0x0</load_address>
         <run_address>0x0</run_address>
         <size>0x26c</size>
         <input_file_ref idref="fl-c"/>
      </object_component>
      <object_component id="oc-164">
         <name>.text</name>
         <load_address>0x26c</load_address>
         <run_address>0x26c</run_address>
         <size>0x6d8</size>
         <input_file_ref idref="fl-5"/>
      </object_component>
      <object_component id="oc-101">
         <name>.text</name>
         <load_address>0x944</load_address>
         <run_address>0x944</run_address>
         <size>0x670</size>
         <input_file_ref idref="fl-4"/>
      </object_component>
      <object_component id="oc-1a9">
         <name>.text</name>
         <load_address>0xfb4</load_address>
         <run_address>0xfb4</run_address>
         <size>0x49c</size>
         <input_file_ref idref="fl-e"/>
      </object_component>
      <object_component id="oc-b7">
         <name>.text</name>
         <load_address>0x1450</load_address>
         <run_address>0x1450</run_address>
         <size>0x48c</size>
         <input_file_ref idref="fl-b"/>
      </object_component>
      <object_component id="oc-19d">
         <name>.text</name>
         <load_address>0x18dc</load_address>
         <run_address>0x18dc</run_address>
         <size>0x310</size>
         <input_file_ref idref="fl-3"/>
      </object_component>
      <object_component id="oc-1af">
         <name>.text</name>
         <load_address>0x1bec</load_address>
         <run_address>0x1bec</run_address>
         <size>0x2b8</size>
         <input_file_ref idref="fl-6"/>
      </object_component>
      <object_component id="oc-a5">
         <name>.text</name>
         <load_address>0x1ea4</load_address>
         <run_address>0x1ea4</run_address>
         <size>0x2a0</size>
         <input_file_ref idref="fl-7"/>
      </object_component>
      <object_component id="oc-361">
         <name>.text</name>
         <load_address>0x2144</load_address>
         <run_address>0x2144</run_address>
         <size>0x294</size>
         <input_file_ref idref="fl-160"/>
      </object_component>
      <object_component id="oc-30">
         <name>.text</name>
         <load_address>0x23d8</load_address>
         <run_address>0x23d8</run_address>
         <size>0x280</size>
         <input_file_ref idref="fl-a"/>
      </object_component>
      <object_component id="oc-34d">
         <name>.text</name>
         <load_address>0x2658</load_address>
         <run_address>0x2658</run_address>
         <size>0x264</size>
         <input_file_ref idref="fl-15f"/>
      </object_component>
      <object_component id="oc-392">
         <name>.text</name>
         <load_address>0x28bc</load_address>
         <run_address>0x28bc</run_address>
         <size>0x23c</size>
         <input_file_ref idref="fl-157"/>
      </object_component>
      <object_component id="oc-1f9">
         <name>.text</name>
         <load_address>0x2af8</load_address>
         <run_address>0x2af8</run_address>
         <size>0x1b6</size>
         <input_file_ref idref="fl-145"/>
      </object_component>
      <object_component id="oc-386">
         <name>.text</name>
         <load_address>0x2cae</load_address>
         <run_address>0x2cae</run_address>
         <size>0x2</size>
         <input_file_ref idref="fl-16b"/>
      </object_component>
      <object_component id="oc-355">
         <name>.text</name>
         <load_address>0x2cb0</load_address>
         <run_address>0x2cb0</run_address>
         <size>0x18c</size>
         <input_file_ref idref="fl-15a"/>
      </object_component>
      <object_component id="oc-262">
         <name>.text</name>
         <load_address>0x2e3c</load_address>
         <run_address>0x2e3c</run_address>
         <size>0x17c</size>
         <input_file_ref idref="fl-13d"/>
      </object_component>
      <object_component id="oc-3cc">
         <name>.text</name>
         <load_address>0x2fb8</load_address>
         <run_address>0x2fb8</run_address>
         <size>0x174</size>
         <input_file_ref idref="fl-16a"/>
      </object_component>
      <object_component id="oc-144">
         <name>.text</name>
         <load_address>0x312c</load_address>
         <run_address>0x312c</run_address>
         <size>0x172</size>
         <input_file_ref idref="fl-8"/>
      </object_component>
      <object_component id="oc-251">
         <name>.text</name>
         <load_address>0x32a0</load_address>
         <run_address>0x32a0</run_address>
         <size>0x148</size>
         <input_file_ref idref="fl-155"/>
      </object_component>
      <object_component id="oc-25d">
         <name>.text</name>
         <load_address>0x33e8</load_address>
         <run_address>0x33e8</run_address>
         <size>0x136</size>
         <input_file_ref idref="fl-147"/>
      </object_component>
      <object_component id="oc-87">
         <name>.text:GPIOPadConfigSet</name>
         <load_address>0x351e</load_address>
         <run_address>0x351e</run_address>
         <size>0x132</size>
         <input_file_ref idref="fl-14"/>
      </object_component>
      <object_component id="oc-2f8">
         <name>.text</name>
         <load_address>0x3650</load_address>
         <run_address>0x3650</run_address>
         <size>0x11a</size>
         <input_file_ref idref="fl-d"/>
      </object_component>
      <object_component id="oc-13e">
         <name>.text:SysCtlClockGet</name>
         <load_address>0x376c</load_address>
         <run_address>0x376c</run_address>
         <size>0x110</size>
         <input_file_ref idref="fl-18"/>
      </object_component>
      <object_component id="oc-343">
         <name>.text</name>
         <load_address>0x387c</load_address>
         <run_address>0x387c</run_address>
         <size>0x110</size>
         <input_file_ref idref="fl-15c"/>
      </object_component>
      <object_component id="oc-15e">
         <name>.text</name>
         <load_address>0x398c</load_address>
         <run_address>0x398c</run_address>
         <size>0x108</size>
         <input_file_ref idref="fl-9"/>
      </object_component>
      <object_component id="oc-172">
         <name>.text</name>
         <load_address>0x3a94</load_address>
         <run_address>0x3a94</run_address>
         <size>0xfc</size>
         <input_file_ref idref="fl-148"/>
      </object_component>
      <object_component id="oc-197">
         <name>.text:SysCtlClockSet</name>
         <load_address>0x3b90</load_address>
         <run_address>0x3b90</run_address>
         <size>0xf4</size>
         <input_file_ref idref="fl-18"/>
      </object_component>
      <object_component id="oc-26d">
         <name>.text</name>
         <load_address>0x3c84</load_address>
         <run_address>0x3c84</run_address>
         <size>0xc8</size>
         <input_file_ref idref="fl-14b"/>
      </object_component>
      <object_component id="oc-138">
         <name>.text</name>
         <load_address>0x3d4c</load_address>
         <run_address>0x3d4c</run_address>
         <size>0xc0</size>
         <input_file_ref idref="fl-14f"/>
      </object_component>
      <object_component id="oc-1fe">
         <name>.text</name>
         <load_address>0x3e0c</load_address>
         <run_address>0x3e0c</run_address>
         <size>0xc0</size>
         <input_file_ref idref="fl-15b"/>
      </object_component>
      <object_component id="oc-3b1">
         <name>.text</name>
         <load_address>0x3ecc</load_address>
         <run_address>0x3ecc</run_address>
         <size>0xbe</size>
         <input_file_ref idref="fl-16e"/>
      </object_component>
      <object_component id="oc-39">
         <name>.text</name>
         <load_address>0x3f8a</load_address>
         <run_address>0x3f8a</run_address>
         <size>0x9c</size>
         <input_file_ref idref="fl-151"/>
      </object_component>
      <object_component id="oc-1f4">
         <name>.text:__aeabi_cdcmple</name>
         <load_address>0x4026</load_address>
         <run_address>0x4026</run_address>
         <size>0x86</size>
         <input_file_ref idref="fl-146"/>
      </object_component>
      <object_component id="oc-268">
         <name>.text:__aeabi_cdrcmple</name>
         <load_address>0x40ac</load_address>
         <run_address>0x40ac</run_address>
         <size>0x86</size>
         <input_file_ref idref="fl-146"/>
      </object_component>
      <object_component id="oc-52">
         <name>.text</name>
         <load_address>0x4132</load_address>
         <run_address>0x4132</run_address>
         <size>0x7a</size>
         <input_file_ref idref="fl-152"/>
      </object_component>
      <object_component id="oc-64">
         <name>.text</name>
         <load_address>0x41ac</load_address>
         <run_address>0x41ac</run_address>
         <size>0x6c</size>
         <input_file_ref idref="fl-164"/>
      </object_component>
      <object_component id="oc-45">
         <name>.text</name>
         <load_address>0x4218</load_address>
         <run_address>0x4218</run_address>
         <size>0x6a</size>
         <input_file_ref idref="fl-141"/>
      </object_component>
      <object_component id="oc-93">
         <name>.text:IntEnable</name>
         <load_address>0x4284</load_address>
         <run_address>0x4284</run_address>
         <size>0x68</size>
         <input_file_ref idref="fl-15"/>
      </object_component>
      <object_component id="oc-33d">
         <name>.text</name>
         <load_address>0x42ec</load_address>
         <run_address>0x42ec</run_address>
         <size>0x66</size>
         <input_file_ref idref="fl-15d"/>
      </object_component>
      <object_component id="oc-8d">
         <name>.text:TimerConfigure</name>
         <load_address>0x4354</load_address>
         <run_address>0x4354</run_address>
         <size>0x60</size>
         <input_file_ref idref="fl-19"/>
      </object_component>
      <object_component id="oc-1be">
         <name>.text</name>
         <load_address>0x43b4</load_address>
         <run_address>0x43b4</run_address>
         <size>0x56</size>
         <input_file_ref idref="fl-150"/>
      </object_component>
      <object_component id="oc-24">
         <name>.text</name>
         <load_address>0x440c</load_address>
         <run_address>0x440c</run_address>
         <size>0x50</size>
         <input_file_ref idref="fl-13f"/>
      </object_component>
      <object_component id="oc-1a3">
         <name>.text</name>
         <load_address>0x445c</load_address>
         <run_address>0x445c</run_address>
         <size>0x4c</size>
         <input_file_ref idref="fl-2"/>
      </object_component>
      <object_component id="oc-f9">
         <name>.text</name>
         <load_address>0x44a8</load_address>
         <run_address>0x44a8</run_address>
         <size>0x4c</size>
         <input_file_ref idref="fl-165"/>
      </object_component>
      <object_component id="oc-257">
         <name>.text</name>
         <load_address>0x44f4</load_address>
         <run_address>0x44f4</run_address>
         <size>0x4a</size>
         <input_file_ref idref="fl-14d"/>
      </object_component>
      <object_component id="oc-228">
         <name>.text:GPIOPinConfigure</name>
         <load_address>0x4540</load_address>
         <run_address>0x4540</run_address>
         <size>0x48</size>
         <input_file_ref idref="fl-14"/>
      </object_component>
      <object_component id="oc-20a">
         <name>.text</name>
         <load_address>0x4588</load_address>
         <run_address>0x4588</run_address>
         <size>0x48</size>
         <input_file_ref idref="fl-168"/>
      </object_component>
      <object_component id="oc-177">
         <name>.text</name>
         <load_address>0x45d0</load_address>
         <run_address>0x45d0</run_address>
         <size>0x48</size>
         <input_file_ref idref="fl-149"/>
      </object_component>
      <object_component id="oc-2ce">
         <name>.text:UARTConfigSetExpClk</name>
         <load_address>0x4618</load_address>
         <run_address>0x4618</run_address>
         <size>0x46</size>
         <input_file_ref idref="fl-1a"/>
      </object_component>
      <object_component id="oc-70">
         <name>.text</name>
         <load_address>0x4660</load_address>
         <run_address>0x4660</run_address>
         <size>0x44</size>
         <input_file_ref idref="fl-144"/>
      </object_component>
      <object_component id="oc-273">
         <name>.text</name>
         <load_address>0x46a4</load_address>
         <run_address>0x46a4</run_address>
         <size>0x44</size>
         <input_file_ref idref="fl-14a"/>
      </object_component>
      <object_component id="oc-3eb">
         <name>.text</name>
         <load_address>0x46e8</load_address>
         <run_address>0x46e8</run_address>
         <size>0x40</size>
         <input_file_ref idref="fl-16d"/>
      </object_component>
      <object_component id="oc-2ec">
         <name>.text</name>
         <load_address>0x4728</load_address>
         <run_address>0x4728</run_address>
         <size>0x40</size>
         <input_file_ref idref="fl-159"/>
      </object_component>
      <object_component id="oc-2a1">
         <name>.text:SSIConfigSetExpClk</name>
         <load_address>0x4768</load_address>
         <run_address>0x4768</run_address>
         <size>0x3c</size>
         <input_file_ref idref="fl-17"/>
      </object_component>
      <object_component id="oc-2c8">
         <name>.text:SysCtlPeripheralPresent</name>
         <load_address>0x47a4</load_address>
         <run_address>0x47a4</run_address>
         <size>0x38</size>
         <input_file_ref idref="fl-18"/>
      </object_component>
      <object_component id="oc-133">
         <name>.text</name>
         <load_address>0x47dc</load_address>
         <run_address>0x47dc</run_address>
         <size>0x38</size>
         <input_file_ref idref="fl-14c"/>
      </object_component>
      <object_component id="oc-7b">
         <name>.text:SysCtlPeripheralEnable</name>
         <load_address>0x4814</load_address>
         <run_address>0x4814</run_address>
         <size>0x34</size>
         <input_file_ref idref="fl-18"/>
      </object_component>
      <object_component id="oc-320">
         <name>.text</name>
         <load_address>0x4848</load_address>
         <run_address>0x4848</run_address>
         <size>0x34</size>
         <input_file_ref idref="fl-169"/>
      </object_component>
      <object_component id="oc-204">
         <name>.text</name>
         <load_address>0x487c</load_address>
         <run_address>0x487c</run_address>
         <size>0x30</size>
         <input_file_ref idref="fl-15e"/>
      </object_component>
      <object_component id="oc-16d">
         <name>.text</name>
         <load_address>0x48ac</load_address>
         <run_address>0x48ac</run_address>
         <size>0x2e</size>
         <input_file_ref idref="fl-14e"/>
      </object_component>
      <object_component id="oc-3a1">
         <name>.text</name>
         <load_address>0x48da</load_address>
         <run_address>0x48da</run_address>
         <size>0x2e</size>
         <input_file_ref idref="fl-16c"/>
      </object_component>
      <object_component id="oc-116">
         <name>.text:GPIODirModeSet</name>
         <load_address>0x4908</load_address>
         <run_address>0x4908</run_address>
         <size>0x2a</size>
         <input_file_ref idref="fl-14"/>
      </object_component>
      <object_component id="oc-22e">
         <name>.text:PWMGenConfigure</name>
         <load_address>0x4932</load_address>
         <run_address>0x4932</run_address>
         <size>0x22</size>
         <input_file_ref idref="fl-16"/>
      </object_component>
      <object_component id="oc-304">
         <name>.text</name>
         <load_address>0x4954</load_address>
         <run_address>0x4954</run_address>
         <size>0x22</size>
         <input_file_ref idref="fl-158"/>
      </object_component>
      <object_component id="oc-377">
         <name>.text:UARTDisable</name>
         <load_address>0x4978</load_address>
         <run_address>0x4978</run_address>
         <size>0x20</size>
         <input_file_ref idref="fl-1a"/>
      </object_component>
      <object_component id="oc-240">
         <name>.text:PWMPulseWidthSet</name>
         <load_address>0x4998</load_address>
         <run_address>0x4998</run_address>
         <size>0x1e</size>
         <input_file_ref idref="fl-16"/>
      </object_component>
      <object_component id="oc-278">
         <name>.text</name>
         <load_address>0x49b6</load_address>
         <run_address>0x49b6</run_address>
         <size>0x1a</size>
         <input_file_ref idref="fl-143"/>
      </object_component>
      <object_component id="oc-27e">
         <name>.text</name>
         <load_address>0x49d0</load_address>
         <run_address>0x49d0</run_address>
         <size>0x1a</size>
         <input_file_ref idref="fl-154"/>
      </object_component>
      <object_component id="oc-81">
         <name>.text:GPIOPinTypeGPIOOutput</name>
         <load_address>0x49ea</load_address>
         <run_address>0x49ea</run_address>
         <size>0x18</size>
         <input_file_ref idref="fl-14"/>
      </object_component>
      <object_component id="oc-ab">
         <name>.text:TimerDisable</name>
         <load_address>0x4a04</load_address>
         <run_address>0x4a04</run_address>
         <size>0x18</size>
         <input_file_ref idref="fl-19"/>
      </object_component>
      <object_component id="oc-6a">
         <name>.text</name>
         <load_address>0x4a1c</load_address>
         <run_address>0x4a1c</run_address>
         <size>0x18</size>
         <input_file_ref idref="fl-163"/>
      </object_component>
      <object_component id="oc-21c">
         <name>.text:SysCtlPWMClockSet</name>
         <load_address>0x4a34</load_address>
         <run_address>0x4a34</run_address>
         <size>0x14</size>
         <input_file_ref idref="fl-18"/>
      </object_component>
      <object_component id="oc-2d4">
         <name>.text:UARTEnable</name>
         <load_address>0x4a48</load_address>
         <run_address>0x4a48</run_address>
         <size>0x14</size>
         <input_file_ref idref="fl-1a"/>
      </object_component>
      <object_component id="oc-1d4">
         <name>.text</name>
         <load_address>0x4a5c</load_address>
         <run_address>0x4a5c</run_address>
         <size>0x14</size>
         <input_file_ref idref="fl-162"/>
      </object_component>
      <object_component id="oc-222">
         <name>.text:GPIOPinTypePWM</name>
         <load_address>0x4a70</load_address>
         <run_address>0x4a70</run_address>
         <size>0x12</size>
         <input_file_ref idref="fl-14"/>
      </object_component>
      <object_component id="oc-29b">
         <name>.text:GPIOPinTypeSSI</name>
         <load_address>0x4a82</load_address>
         <run_address>0x4a82</run_address>
         <size>0x12</size>
         <input_file_ref idref="fl-14"/>
      </object_component>
      <object_component id="oc-2c1">
         <name>.text:GPIOPinTypeUART</name>
         <load_address>0x4a94</load_address>
         <run_address>0x4a94</run_address>
         <size>0x12</size>
         <input_file_ref idref="fl-14"/>
      </object_component>
      <object_component id="oc-246">
         <name>.text:PWMOutputState</name>
         <load_address>0x4aa6</load_address>
         <run_address>0x4aa6</run_address>
         <size>0x12</size>
         <input_file_ref idref="fl-16"/>
      </object_component>
      <object_component id="oc-c3">
         <name>.text:TimerLoadSet</name>
         <load_address>0x4ab8</load_address>
         <run_address>0x4ab8</run_address>
         <size>0x12</size>
         <input_file_ref idref="fl-19"/>
      </object_component>
      <object_component id="oc-2fe">
         <name>.text</name>
         <load_address>0x4aca</load_address>
         <run_address>0x4aca</run_address>
         <size>0x12</size>
         <input_file_ref idref="fl-13e"/>
      </object_component>
      <object_component id="oc-99">
         <name>.text:IntMasterEnable</name>
         <load_address>0x4adc</load_address>
         <run_address>0x4adc</run_address>
         <size>0x10</size>
         <input_file_ref idref="fl-15"/>
      </object_component>
      <object_component id="oc-234">
         <name>.text:PWMGenPeriodSet</name>
         <load_address>0x4aec</load_address>
         <run_address>0x4aec</run_address>
         <size>0x10</size>
         <input_file_ref idref="fl-16"/>
      </object_component>
      <object_component id="oc-c9">
         <name>.text:TimerEnable</name>
         <load_address>0x4afc</load_address>
         <run_address>0x4afc</run_address>
         <size>0xe</size>
         <input_file_ref idref="fl-19"/>
      </object_component>
      <object_component id="oc-12">
         <name>.text:decompress:none</name>
         <load_address>0x4b0a</load_address>
         <run_address>0x4b0a</run_address>
         <size>0xe</size>
         <input_file_ref idref="fl-140"/>
      </object_component>
      <object_component id="oc-12b">
         <name>.text:CPUcpsie</name>
         <load_address>0x4b18</load_address>
         <run_address>0x4b18</run_address>
         <size>0xc</size>
         <input_file_ref idref="fl-1b"/>
      </object_component>
      <object_component id="oc-23a">
         <name>.text:PWMGenEnable</name>
         <load_address>0x4b24</load_address>
         <run_address>0x4b24</run_address>
         <size>0xc</size>
         <input_file_ref idref="fl-16"/>
      </object_component>
      <object_component id="oc-1e">
         <name>.text:decompress:ZI</name>
         <load_address>0x4b30</load_address>
         <run_address>0x4b30</run_address>
         <size>0xc</size>
         <input_file_ref idref="fl-142"/>
      </object_component>
      <object_component id="oc-2a">
         <name>.text</name>
         <load_address>0x4b3c</load_address>
         <run_address>0x4b3c</run_address>
         <size>0xc</size>
         <input_file_ref idref="fl-c"/>
      </object_component>
      <object_component id="oc-2b3">
         <name>.text:SSIDataPut</name>
         <load_address>0x4b48</load_address>
         <run_address>0x4b48</run_address>
         <size>0xa</size>
         <input_file_ref idref="fl-17"/>
      </object_component>
      <object_component id="oc-2a7">
         <name>.text:SSIEnable</name>
         <load_address>0x4b52</load_address>
         <run_address>0x4b52</run_address>
         <size>0xa</size>
         <input_file_ref idref="fl-17"/>
      </object_component>
      <object_component id="oc-b1">
         <name>.text:TimerIntDisable</name>
         <load_address>0x4b5c</load_address>
         <run_address>0x4b5c</run_address>
         <size>0xa</size>
         <input_file_ref idref="fl-19"/>
      </object_component>
      <object_component id="oc-2e0">
         <name>.text:UARTCharGet</name>
         <load_address>0x4b66</load_address>
         <run_address>0x4b66</run_address>
         <size>0xa</size>
         <input_file_ref idref="fl-1a"/>
      </object_component>
      <object_component id="oc-2da">
         <name>.text:UARTCharPut</name>
         <load_address>0x4b70</load_address>
         <run_address>0x4b70</run_address>
         <size>0xa</size>
         <input_file_ref idref="fl-1a"/>
      </object_component>
      <object_component id="oc-2ad">
         <name>.text:SSIBusy</name>
         <load_address>0x4b7a</load_address>
         <run_address>0x4b7a</run_address>
         <size>0x8</size>
         <input_file_ref idref="fl-17"/>
      </object_component>
      <object_component id="oc-cf">
         <name>.text:TimerIntEnable</name>
         <load_address>0x4b82</load_address>
         <run_address>0x4b82</run_address>
         <size>0x8</size>
         <input_file_ref idref="fl-19"/>
      </object_component>
      <object_component id="oc-bd">
         <name>.text:GPIOPinWrite</name>
         <load_address>0x4b8a</load_address>
         <run_address>0x4b8a</run_address>
         <size>0x6</size>
         <input_file_ref idref="fl-14"/>
      </object_component>
      <object_component id="oc-299">
         <name>.text:SysCtlDelay</name>
         <load_address>0x4b90</load_address>
         <run_address>0x4b90</run_address>
         <size>0x6</size>
         <input_file_ref idref="fl-18"/>
      </object_component>
      <object_component id="oc-2bb">
         <name>.text:UARTClockSourceSet</name>
         <load_address>0x4b96</load_address>
         <run_address>0x4b96</run_address>
         <size>0x6</size>
         <input_file_ref idref="fl-1a"/>
      </object_component>
      <object_component id="oc-18">
         <name>.text:decompress:rle24</name>
         <load_address>0x4b9c</load_address>
         <run_address>0x4b9c</run_address>
         <size>0x6</size>
         <input_file_ref idref="fl-141"/>
      </object_component>
      <object_component id="oc-9f">
         <name>.text:TimerIntClear</name>
         <load_address>0x4ba2</load_address>
         <run_address>0x4ba2</run_address>
         <size>0x4</size>
         <input_file_ref idref="fl-19"/>
      </object_component>
      <object_component id="oc-5e">
         <name>.text</name>
         <load_address>0x4ba6</load_address>
         <run_address>0x4ba6</run_address>
         <size>0x4</size>
         <input_file_ref idref="fl-153"/>
      </object_component>
      <object_component id="oc-30e">
         <name>.const:.string</name>
         <load_address>0x4bb0</load_address>
         <run_address>0x4bb0</run_address>
         <size>0x37a4</size>
         <input_file_ref idref="fl-4"/>
      </object_component>
      <object_component id="oc-3e0">
         <name>.const:.string:_ctypes_</name>
         <load_address>0x8354</load_address>
         <run_address>0x8354</run_address>
         <size>0x101</size>
         <input_file_ref idref="fl-166"/>
      </object_component>
      <object_component id="oc-3e3">
         <name>.const</name>
         <load_address>0x8458</load_address>
         <run_address>0x8458</run_address>
         <size>0x98</size>
         <input_file_ref idref="fl-157"/>
      </object_component>
      <object_component id="oc-331">
         <name>.const:g_pui32GPIOBaseAddrs</name>
         <load_address>0x84f0</load_address>
         <run_address>0x84f0</run_address>
         <size>0x90</size>
         <input_file_ref idref="fl-14"/>
      </object_component>
      <object_component id="oc-3c4">
         <name>.const</name>
         <load_address>0x8580</load_address>
         <run_address>0x8580</run_address>
         <size>0x88</size>
         <input_file_ref idref="fl-15a"/>
      </object_component>
      <object_component id="oc-3d2">
         <name>.const</name>
         <load_address>0x8608</load_address>
         <run_address>0x8608</run_address>
         <size>0x80</size>
         <input_file_ref idref="fl-160"/>
      </object_component>
      <object_component id="oc-126">
         <name>.const</name>
         <load_address>0x8688</load_address>
         <run_address>0x8688</run_address>
         <size>0x70</size>
         <input_file_ref idref="fl-15"/>
      </object_component>
      <object_component id="oc-210">
         <name>.const:g_pui32Xtals</name>
         <load_address>0x86f8</load_address>
         <run_address>0x86f8</run_address>
         <size>0x6c</size>
         <input_file_ref idref="fl-18"/>
      </object_component>
      <object_component id="oc-1b5">
         <name>.const:$P$T0$1</name>
         <load_address>0x8764</load_address>
         <run_address>0x8764</run_address>
         <size>0x3c</size>
         <input_file_ref idref="fl-4"/>
      </object_component>
      <object_component id="oc-31c">
         <name>.const</name>
         <load_address>0x87a0</load_address>
         <run_address>0x87a0</run_address>
         <size>0x30</size>
         <input_file_ref idref="fl-15b"/>
      </object_component>
      <object_component id="oc-2e6">
         <name>.const</name>
         <load_address>0x87d0</load_address>
         <run_address>0x87d0</run_address>
         <size>0x1c</size>
         <input_file_ref idref="fl-e"/>
      </object_component>
      <object_component id="oc-381">
         <name>.const:.string</name>
         <load_address>0x87ec</load_address>
         <run_address>0x87ec</run_address>
         <size>0x12</size>
         <input_file_ref idref="fl-e"/>
      </object_component>
      <object_component id="oc-457">
         <name>.cinit..data.load</name>
         <load_address>0x8800</load_address>
         <run_address>0x8800</run_address>
         <size>0x4a0</size>
      </object_component>
      <object_component id="oc-455">
         <name>__TI_handler_table</name>
         <load_address>0x8ca0</load_address>
         <run_address>0x8ca0</run_address>
         <size>0xc</size>
      </object_component>
      <object_component id="oc-458">
         <name>.cinit..bss.load</name>
         <load_address>0x8cb0</load_address>
         <run_address>0x8cb0</run_address>
         <size>0x8</size>
      </object_component>
      <object_component id="oc-456">
         <name>__TI_cinit_table</name>
         <load_address>0x8cb8</load_address>
         <run_address>0x8cb8</run_address>
         <size>0x10</size>
      </object_component>
      <object_component id="oc-29">
         <name>.stack</name>
         <uninitialized>true</uninitialized>
         <run_address>0x20000be0</run_address>
         <size>0x0</size>
         <input_file_ref idref="fl-13f"/>
      </object_component>
      <object_component id="oc-459">
         <name>.stack</name>
         <uninitialized>true</uninitialized>
         <run_address>0x20000be0</run_address>
         <size>0x0</size>
      </object_component>
      <object_component id="oc-14a">
         <name>.bss:new_entry</name>
         <uninitialized>true</uninitialized>
         <run_address>0x20000b7c</run_address>
         <size>0x2c</size>
         <input_file_ref idref="fl-7"/>
      </object_component>
      <object_component id="oc-152">
         <name>.bss:Motion_Buffer</name>
         <uninitialized>true</uninitialized>
         <run_address>0x20000000</run_address>
         <size>0xb00</size>
         <input_file_ref idref="fl-7"/>
      </object_component>
      <object_component id="oc-155">
         <name>.bss:entry$1</name>
         <uninitialized>true</uninitialized>
         <run_address>0x20000b50</run_address>
         <size>0x2c</size>
         <input_file_ref idref="fl-7"/>
      </object_component>
      <object_component id="oc-16a">
         <name>.bss:system_t</name>
         <uninitialized>true</uninitialized>
         <run_address>0x20000b00</run_address>
         <size>0x50</size>
         <input_file_ref idref="fl-b"/>
      </object_component>
      <object_component id="oc-1c4">
         <name>.common:Global_Position</name>
         <uninitialized>true</uninitialized>
         <run_address>0x20000bb8</run_address>
         <size>0xc</size>
      </object_component>
      <object_component id="oc-150">
         <name>.common:position</name>
         <uninitialized>true</uninitialized>
         <run_address>0x20000bc4</run_address>
         <size>0xc</size>
      </object_component>
      <object_component id="oc-151">
         <name>.common:Motion_Queue</name>
         <uninitialized>true</uninitialized>
         <run_address>0x20000ba8</run_address>
         <size>0x10</size>
      </object_component>
      <object_component id="oc-14d">
         <name>.common:ID</name>
         <uninitialized>true</uninitialized>
         <run_address>0x20000bd0</run_address>
         <size>0x4</size>
      </object_component>
      <object_component id="oc-24c">
         <name>.common:period</name>
         <uninitialized>true</uninitialized>
         <run_address>0x20000bd4</run_address>
         <size>0x4</size>
      </object_component>
      <object_component id="oc-24f">
         <name>.common:duty_cycle</name>
         <uninitialized>true</uninitialized>
         <run_address>0x20000bdc</run_address>
         <size>0x2</size>
      </object_component>
      <object_component id="oc-d5">
         <name>.common:stepper</name>
         <uninitialized>true</uninitialized>
         <run_address>0x20000bd8</run_address>
         <size>0x4</size>
      </object_component>
      <object_component id="oc-1b8">
         <name>.data:GrblGcodeSample</name>
         <load_address>0x20001948</load_address>
         <run_address>0x20001948</run_address>
         <size>0x30</size>
         <input_file_ref idref="fl-4"/>
      </object_component>
      <object_component id="oc-1bb">
         <name>.data:utep</name>
         <load_address>0x200013e0</load_address>
         <run_address>0x200013e0</run_address>
         <size>0x438</size>
         <input_file_ref idref="fl-4"/>
      </object_component>
      <object_component id="oc-2e9">
         <name>.data</name>
         <load_address>0x20001990</load_address>
         <run_address>0x20001990</run_address>
         <size>0x5</size>
         <input_file_ref idref="fl-e"/>
      </object_component>
      <object_component id="oc-10c">
         <name>.data</name>
         <load_address>0x20001980</load_address>
         <run_address>0x20001980</run_address>
         <size>0x8</size>
         <input_file_ref idref="fl-144"/>
      </object_component>
      <object_component id="oc-76">
         <name>.data</name>
         <load_address>0x2000199c</load_address>
         <run_address>0x2000199c</run_address>
         <size>0x4</size>
         <input_file_ref idref="fl-156"/>
      </object_component>
      <object_component id="oc-349">
         <name>.data</name>
         <load_address>0x200018c8</load_address>
         <run_address>0x200018c8</run_address>
         <size>0x80</size>
         <input_file_ref idref="fl-161"/>
      </object_component>
      <object_component id="oc-109">
         <name>.data</name>
         <load_address>0x20001978</load_address>
         <run_address>0x20001978</run_address>
         <size>0x8</size>
         <input_file_ref idref="fl-162"/>
      </object_component>
      <object_component id="oc-326">
         <name>.data</name>
         <load_address>0x20001998</load_address>
         <run_address>0x20001998</run_address>
         <size>0x4</size>
         <input_file_ref idref="fl-167"/>
      </object_component>
      <object_component id="oc-3a7">
         <name>.data</name>
         <load_address>0x20001988</load_address>
         <run_address>0x20001988</run_address>
         <size>0x8</size>
         <input_file_ref idref="fl-169"/>
      </object_component>
      <object_component id="oc-416">
         <name>.data:sigtable</name>
         <load_address>0x20001818</load_address>
         <run_address>0x20001818</run_address>
         <size>0xb0</size>
         <input_file_ref idref="fl-16d"/>
      </object_component>
      <object_component id="oc-38f">
         <name>.debug_info</name>
         <load_address>0x0</load_address>
         <run_address>0x0</run_address>
         <size>0x1ff</size>
         <input_file_ref idref="fl-2"/>
      </object_component>
      <object_component id="oc-1a4">
         <name>.debug_info</name>
         <load_address>0x1ff</load_address>
         <run_address>0x1ff</run_address>
         <size>0x1ae</size>
         <input_file_ref idref="fl-2"/>
      </object_component>
      <object_component id="oc-db">
         <name>.debug_info</name>
         <load_address>0x3ad</load_address>
         <run_address>0x3ad</run_address>
         <size>0x84</size>
         <input_file_ref idref="fl-2"/>
      </object_component>
      <object_component id="oc-e0">
         <name>.debug_info</name>
         <load_address>0x431</load_address>
         <run_address>0x431</run_address>
         <size>0x18b</size>
         <input_file_ref idref="fl-2"/>
      </object_component>
      <object_component id="oc-2f3">
         <name>.debug_info</name>
         <load_address>0x5bc</load_address>
         <run_address>0x5bc</run_address>
         <size>0x4e</size>
         <input_file_ref idref="fl-2"/>
      </object_component>
      <object_component id="oc-2ba">
         <name>.debug_info</name>
         <load_address>0x60a</load_address>
         <run_address>0x60a</run_address>
         <size>0x2ef</size>
         <input_file_ref idref="fl-3"/>
      </object_component>
      <object_component id="oc-19e">
         <name>.debug_info</name>
         <load_address>0x8f9</load_address>
         <run_address>0x8f9</run_address>
         <size>0x8c8</size>
         <input_file_ref idref="fl-3"/>
      </object_component>
      <object_component id="oc-11f">
         <name>.debug_info</name>
         <load_address>0x11c1</load_address>
         <run_address>0x11c1</run_address>
         <size>0x8b</size>
         <input_file_ref idref="fl-3"/>
      </object_component>
      <object_component id="oc-f0">
         <name>.debug_info</name>
         <load_address>0x124c</load_address>
         <run_address>0x124c</run_address>
         <size>0x2c</size>
         <input_file_ref idref="fl-3"/>
      </object_component>
      <object_component id="oc-1c5">
         <name>.debug_info</name>
         <load_address>0x1278</load_address>
         <run_address>0x1278</run_address>
         <size>0x483</size>
         <input_file_ref idref="fl-4"/>
      </object_component>
      <object_component id="oc-1b9">
         <name>.debug_info</name>
         <load_address>0x16fb</load_address>
         <run_address>0x16fb</run_address>
         <size>0xd6</size>
         <input_file_ref idref="fl-4"/>
      </object_component>
      <object_component id="oc-1bc">
         <name>.debug_info</name>
         <load_address>0x17d1</load_address>
         <run_address>0x17d1</run_address>
         <size>0xc0</size>
         <input_file_ref idref="fl-4"/>
      </object_component>
      <object_component id="oc-1b6">
         <name>.debug_info</name>
         <load_address>0x1891</load_address>
         <run_address>0x1891</run_address>
         <size>0xc5</size>
         <input_file_ref idref="fl-4"/>
      </object_component>
      <object_component id="oc-102">
         <name>.debug_info</name>
         <load_address>0x1956</load_address>
         <run_address>0x1956</run_address>
         <size>0xa45</size>
         <input_file_ref idref="fl-4"/>
      </object_component>
      <object_component id="oc-1c8">
         <name>.debug_info</name>
         <load_address>0x239b</load_address>
         <run_address>0x239b</run_address>
         <size>0x26f</size>
         <input_file_ref idref="fl-4"/>
      </object_component>
      <object_component id="oc-184">
         <name>.debug_info</name>
         <load_address>0x260a</load_address>
         <run_address>0x260a</run_address>
         <size>0xc2</size>
         <input_file_ref idref="fl-4"/>
      </object_component>
      <object_component id="oc-288">
         <name>.debug_info</name>
         <load_address>0x26cc</load_address>
         <run_address>0x26cc</run_address>
         <size>0xfe</size>
         <input_file_ref idref="fl-4"/>
      </object_component>
      <object_component id="oc-285">
         <name>.debug_info</name>
         <load_address>0x27ca</load_address>
         <run_address>0x27ca</run_address>
         <size>0x28a</size>
         <input_file_ref idref="fl-5"/>
      </object_component>
      <object_component id="oc-165">
         <name>.debug_info</name>
         <load_address>0x2a54</load_address>
         <run_address>0x2a54</run_address>
         <size>0xa10</size>
         <input_file_ref idref="fl-5"/>
      </object_component>
      <object_component id="oc-30b">
         <name>.debug_info</name>
         <load_address>0x3464</load_address>
         <run_address>0x3464</run_address>
         <size>0x1a8</size>
         <input_file_ref idref="fl-6"/>
      </object_component>
      <object_component id="oc-1b0">
         <name>.debug_info</name>
         <load_address>0x360c</load_address>
         <run_address>0x360c</run_address>
         <size>0x245</size>
         <input_file_ref idref="fl-6"/>
      </object_component>
      <object_component id="oc-14e">
         <name>.debug_info</name>
         <load_address>0x3851</load_address>
         <run_address>0x3851</run_address>
         <size>0x2f4</size>
         <input_file_ref idref="fl-7"/>
      </object_component>
      <object_component id="oc-14b">
         <name>.debug_info</name>
         <load_address>0x3b45</load_address>
         <run_address>0x3b45</run_address>
         <size>0xcd</size>
         <input_file_ref idref="fl-7"/>
      </object_component>
      <object_component id="oc-153">
         <name>.debug_info</name>
         <load_address>0x3c12</load_address>
         <run_address>0x3c12</run_address>
         <size>0xd5</size>
         <input_file_ref idref="fl-7"/>
      </object_component>
      <object_component id="oc-a9">
         <name>.debug_info</name>
         <load_address>0x3ce7</load_address>
         <run_address>0x3ce7</run_address>
         <size>0x44f</size>
         <input_file_ref idref="fl-7"/>
      </object_component>
      <object_component id="oc-157">
         <name>.debug_info</name>
         <load_address>0x4136</load_address>
         <run_address>0x4136</run_address>
         <size>0xd2</size>
         <input_file_ref idref="fl-7"/>
      </object_component>
      <object_component id="oc-215">
         <name>.debug_info</name>
         <load_address>0x4208</load_address>
         <run_address>0x4208</run_address>
         <size>0xd8</size>
         <input_file_ref idref="fl-8"/>
      </object_component>
      <object_component id="oc-147">
         <name>.debug_info</name>
         <load_address>0x42e0</load_address>
         <run_address>0x42e0</run_address>
         <size>0x495</size>
         <input_file_ref idref="fl-8"/>
      </object_component>
      <object_component id="oc-24d">
         <name>.debug_info</name>
         <load_address>0x4775</load_address>
         <run_address>0x4775</run_address>
         <size>0x3bb</size>
         <input_file_ref idref="fl-9"/>
      </object_component>
      <object_component id="oc-15f">
         <name>.debug_info</name>
         <load_address>0x4b30</load_address>
         <run_address>0x4b30</run_address>
         <size>0x30a</size>
         <input_file_ref idref="fl-9"/>
      </object_component>
      <object_component id="oc-d6">
         <name>.debug_info</name>
         <load_address>0x4e3a</load_address>
         <run_address>0x4e3a</run_address>
         <size>0x425</size>
         <input_file_ref idref="fl-a"/>
      </object_component>
      <object_component id="oc-31">
         <name>.debug_info</name>
         <load_address>0x525f</load_address>
         <run_address>0x525f</run_address>
         <size>0x433</size>
         <input_file_ref idref="fl-a"/>
      </object_component>
      <object_component id="oc-17d">
         <name>.debug_info</name>
         <load_address>0x5692</load_address>
         <run_address>0x5692</run_address>
         <size>0x22c</size>
         <input_file_ref idref="fl-b"/>
      </object_component>
      <object_component id="oc-16b">
         <name>.debug_info</name>
         <load_address>0x58be</load_address>
         <run_address>0x58be</run_address>
         <size>0xca</size>
         <input_file_ref idref="fl-b"/>
      </object_component>
      <object_component id="oc-b8">
         <name>.debug_info</name>
         <load_address>0x5988</load_address>
         <run_address>0x5988</run_address>
         <size>0x785</size>
         <input_file_ref idref="fl-b"/>
      </object_component>
      <object_component id="oc-38">
         <name>.debug_info</name>
         <load_address>0x610d</load_address>
         <run_address>0x610d</run_address>
         <size>0x11d</size>
         <input_file_ref idref="fl-c"/>
      </object_component>
      <object_component id="oc-10">
         <name>.debug_info</name>
         <load_address>0x622a</load_address>
         <run_address>0x622a</run_address>
         <size>0xe4</size>
         <input_file_ref idref="fl-c"/>
      </object_component>
      <object_component id="oc-2e">
         <name>.debug_info</name>
         <load_address>0x630e</load_address>
         <run_address>0x630e</run_address>
         <size>0x260</size>
         <input_file_ref idref="fl-c"/>
      </object_component>
      <object_component id="oc-391">
         <name>.debug_info</name>
         <load_address>0x656e</load_address>
         <run_address>0x656e</run_address>
         <size>0xce</size>
         <input_file_ref idref="fl-d"/>
      </object_component>
      <object_component id="oc-2fb">
         <name>.debug_info</name>
         <load_address>0x663c</load_address>
         <run_address>0x663c</run_address>
         <size>0x35f</size>
         <input_file_ref idref="fl-d"/>
      </object_component>
      <object_component id="oc-2f2">
         <name>.debug_info</name>
         <load_address>0x699b</load_address>
         <run_address>0x699b</run_address>
         <size>0x233</size>
         <input_file_ref idref="fl-e"/>
      </object_component>
      <object_component id="oc-2ea">
         <name>.debug_info</name>
         <load_address>0x6bce</load_address>
         <run_address>0x6bce</run_address>
         <size>0xd0</size>
         <input_file_ref idref="fl-e"/>
      </object_component>
      <object_component id="oc-2e7">
         <name>.debug_info</name>
         <load_address>0x6c9e</load_address>
         <run_address>0x6c9e</run_address>
         <size>0x126</size>
         <input_file_ref idref="fl-e"/>
      </object_component>
      <object_component id="oc-1ac">
         <name>.debug_info</name>
         <load_address>0x6dc4</load_address>
         <run_address>0x6dc4</run_address>
         <size>0x779</size>
         <input_file_ref idref="fl-e"/>
      </object_component>
      <object_component id="oc-11d">
         <name>.debug_info</name>
         <load_address>0x753d</load_address>
         <run_address>0x753d</run_address>
         <size>0x230</size>
         <input_file_ref idref="fl-14"/>
      </object_component>
      <object_component id="oc-332">
         <name>.debug_info</name>
         <load_address>0x776d</load_address>
         <run_address>0x776d</run_address>
         <size>0x15b</size>
         <input_file_ref idref="fl-14"/>
      </object_component>
      <object_component id="oc-c0">
         <name>.debug_info</name>
         <load_address>0x78c8</load_address>
         <run_address>0x78c8</run_address>
         <size>0x2a3</size>
         <input_file_ref idref="fl-14"/>
      </object_component>
      <object_component id="oc-119">
         <name>.debug_info</name>
         <load_address>0x7b6b</load_address>
         <run_address>0x7b6b</run_address>
         <size>0x2b3</size>
         <input_file_ref idref="fl-14"/>
      </object_component>
      <object_component id="oc-8a">
         <name>.debug_info</name>
         <load_address>0x7e1e</load_address>
         <run_address>0x7e1e</run_address>
         <size>0x316</size>
         <input_file_ref idref="fl-14"/>
      </object_component>
      <object_component id="oc-2c4">
         <name>.debug_info</name>
         <load_address>0x8134</load_address>
         <run_address>0x8134</run_address>
         <size>0x27b</size>
         <input_file_ref idref="fl-14"/>
      </object_component>
      <object_component id="oc-29e">
         <name>.debug_info</name>
         <load_address>0x83af</load_address>
         <run_address>0x83af</run_address>
         <size>0x279</size>
         <input_file_ref idref="fl-14"/>
      </object_component>
      <object_component id="oc-225">
         <name>.debug_info</name>
         <load_address>0x8628</load_address>
         <run_address>0x8628</run_address>
         <size>0x279</size>
         <input_file_ref idref="fl-14"/>
      </object_component>
      <object_component id="oc-85">
         <name>.debug_info</name>
         <load_address>0x88a1</load_address>
         <run_address>0x88a1</run_address>
         <size>0x2b7</size>
         <input_file_ref idref="fl-14"/>
      </object_component>
      <object_component id="oc-22c">
         <name>.debug_info</name>
         <load_address>0x8b58</load_address>
         <run_address>0x8b58</run_address>
         <size>0x280</size>
         <input_file_ref idref="fl-14"/>
      </object_component>
      <object_component id="oc-12a">
         <name>.debug_info</name>
         <load_address>0x8dd8</load_address>
         <run_address>0x8dd8</run_address>
         <size>0x20e</size>
         <input_file_ref idref="fl-15"/>
      </object_component>
      <object_component id="oc-127">
         <name>.debug_info</name>
         <load_address>0x8fe6</load_address>
         <run_address>0x8fe6</run_address>
         <size>0x210</size>
         <input_file_ref idref="fl-15"/>
      </object_component>
      <object_component id="oc-9a">
         <name>.debug_info</name>
         <load_address>0x91f6</load_address>
         <run_address>0x91f6</run_address>
         <size>0x23e</size>
         <input_file_ref idref="fl-15"/>
      </object_component>
      <object_component id="oc-94">
         <name>.debug_info</name>
         <load_address>0x9434</load_address>
         <run_address>0x9434</run_address>
         <size>0x268</size>
         <input_file_ref idref="fl-15"/>
      </object_component>
      <object_component id="oc-336">
         <name>.debug_info</name>
         <load_address>0x969c</load_address>
         <run_address>0x969c</run_address>
         <size>0x1ed</size>
         <input_file_ref idref="fl-16"/>
      </object_component>
      <object_component id="oc-241">
         <name>.debug_info</name>
         <load_address>0x9889</load_address>
         <run_address>0x9889</run_address>
         <size>0x2f6</size>
         <input_file_ref idref="fl-16"/>
      </object_component>
      <object_component id="oc-247">
         <name>.debug_info</name>
         <load_address>0x9b7f</load_address>
         <run_address>0x9b7f</run_address>
         <size>0x2c4</size>
         <input_file_ref idref="fl-16"/>
      </object_component>
      <object_component id="oc-235">
         <name>.debug_info</name>
         <load_address>0x9e43</load_address>
         <run_address>0x9e43</run_address>
         <size>0x2b6</size>
         <input_file_ref idref="fl-16"/>
      </object_component>
      <object_component id="oc-23b">
         <name>.debug_info</name>
         <load_address>0xa0f9</load_address>
         <run_address>0xa0f9</run_address>
         <size>0x276</size>
         <input_file_ref idref="fl-16"/>
      </object_component>
      <object_component id="oc-22f">
         <name>.debug_info</name>
         <load_address>0xa36f</load_address>
         <run_address>0xa36f</run_address>
         <size>0x2b3</size>
         <input_file_ref idref="fl-16"/>
      </object_component>
      <object_component id="oc-36d">
         <name>.debug_info</name>
         <load_address>0xa622</load_address>
         <run_address>0xa622</run_address>
         <size>0x21c</size>
         <input_file_ref idref="fl-17"/>
      </object_component>
      <object_component id="oc-2a8">
         <name>.debug_info</name>
         <load_address>0xa83e</load_address>
         <run_address>0xa83e</run_address>
         <size>0x242</size>
         <input_file_ref idref="fl-17"/>
      </object_component>
      <object_component id="oc-2b4">
         <name>.debug_info</name>
         <load_address>0xaa80</load_address>
         <run_address>0xaa80</run_address>
         <size>0x276</size>
         <input_file_ref idref="fl-17"/>
      </object_component>
      <object_component id="oc-2a2">
         <name>.debug_info</name>
         <load_address>0xacf6</load_address>
         <run_address>0xacf6</run_address>
         <size>0x3d9</size>
         <input_file_ref idref="fl-17"/>
      </object_component>
      <object_component id="oc-2ae">
         <name>.debug_info</name>
         <load_address>0xb0cf</load_address>
         <run_address>0xb0cf</run_address>
         <size>0x242</size>
         <input_file_ref idref="fl-17"/>
      </object_component>
      <object_component id="oc-115">
         <name>.debug_info</name>
         <load_address>0xb311</load_address>
         <run_address>0xb311</run_address>
         <size>0x27f</size>
         <input_file_ref idref="fl-18"/>
      </object_component>
      <object_component id="oc-211">
         <name>.debug_info</name>
         <load_address>0xb590</load_address>
         <run_address>0xb590</run_address>
         <size>0x14d</size>
         <input_file_ref idref="fl-18"/>
      </object_component>
      <object_component id="oc-2cb">
         <name>.debug_info</name>
         <load_address>0xb6dd</load_address>
         <run_address>0xb6dd</run_address>
         <size>0x283</size>
         <input_file_ref idref="fl-18"/>
      </object_component>
      <object_component id="oc-7e">
         <name>.debug_info</name>
         <load_address>0xb960</load_address>
         <run_address>0xb960</run_address>
         <size>0x27d</size>
         <input_file_ref idref="fl-18"/>
      </object_component>
      <object_component id="oc-220">
         <name>.debug_info</name>
         <load_address>0xbbdd</load_address>
         <run_address>0xbbdd</run_address>
         <size>0x263</size>
         <input_file_ref idref="fl-18"/>
      </object_component>
      <object_component id="oc-19b">
         <name>.debug_info</name>
         <load_address>0xbe40</load_address>
         <run_address>0xbe40</run_address>
         <size>0x2db</size>
         <input_file_ref idref="fl-18"/>
      </object_component>
      <object_component id="oc-142">
         <name>.debug_info</name>
         <load_address>0xc11b</load_address>
         <run_address>0xc11b</run_address>
         <size>0x2b5</size>
         <input_file_ref idref="fl-18"/>
      </object_component>
      <object_component id="oc-1e4">
         <name>.debug_info</name>
         <load_address>0xc3d0</load_address>
         <run_address>0xc3d0</run_address>
         <size>0x5f</size>
         <input_file_ref idref="fl-18"/>
      </object_component>
      <object_component id="oc-125">
         <name>.debug_info</name>
         <load_address>0xc42f</load_address>
         <run_address>0xc42f</run_address>
         <size>0x223</size>
         <input_file_ref idref="fl-19"/>
      </object_component>
      <object_component id="oc-c4">
         <name>.debug_info</name>
         <load_address>0xc652</load_address>
         <run_address>0xc652</run_address>
         <size>0x2ba</size>
         <input_file_ref idref="fl-19"/>
      </object_component>
      <object_component id="oc-d0">
         <name>.debug_info</name>
         <load_address>0xc90c</load_address>
         <run_address>0xc90c</run_address>
         <size>0x294</size>
         <input_file_ref idref="fl-19"/>
      </object_component>
      <object_component id="oc-b2">
         <name>.debug_info</name>
         <load_address>0xcba0</load_address>
         <run_address>0xcba0</run_address>
         <size>0x296</size>
         <input_file_ref idref="fl-19"/>
      </object_component>
      <object_component id="oc-a0">
         <name>.debug_info</name>
         <load_address>0xce36</load_address>
         <run_address>0xce36</run_address>
         <size>0x292</size>
         <input_file_ref idref="fl-19"/>
      </object_component>
      <object_component id="oc-ca">
         <name>.debug_info</name>
         <load_address>0xd0c8</load_address>
         <run_address>0xd0c8</run_address>
         <size>0x27f</size>
         <input_file_ref idref="fl-19"/>
      </object_component>
      <object_component id="oc-ac">
         <name>.debug_info</name>
         <load_address>0xd347</load_address>
         <run_address>0xd347</run_address>
         <size>0x281</size>
         <input_file_ref idref="fl-19"/>
      </object_component>
      <object_component id="oc-8e">
         <name>.debug_info</name>
         <load_address>0xd5c8</load_address>
         <run_address>0xd5c8</run_address>
         <size>0x28c</size>
         <input_file_ref idref="fl-19"/>
      </object_component>
      <object_component id="oc-374">
         <name>.debug_info</name>
         <load_address>0xd854</load_address>
         <run_address>0xd854</run_address>
         <size>0x227</size>
         <input_file_ref idref="fl-1a"/>
      </object_component>
      <object_component id="oc-2d5">
         <name>.debug_info</name>
         <load_address>0xda7b</load_address>
         <run_address>0xda7b</run_address>
         <size>0x247</size>
         <input_file_ref idref="fl-1a"/>
      </object_component>
      <object_component id="oc-378">
         <name>.debug_info</name>
         <load_address>0xdcc2</load_address>
         <run_address>0xdcc2</run_address>
         <size>0x249</size>
         <input_file_ref idref="fl-1a"/>
      </object_component>
      <object_component id="oc-2cf">
         <name>.debug_info</name>
         <load_address>0xdf0b</load_address>
         <run_address>0xdf0b</run_address>
         <size>0x326</size>
         <input_file_ref idref="fl-1a"/>
      </object_component>
      <object_component id="oc-2bc">
         <name>.debug_info</name>
         <load_address>0xe231</load_address>
         <run_address>0xe231</run_address>
         <size>0x291</size>
         <input_file_ref idref="fl-1a"/>
      </object_component>
      <object_component id="oc-2db">
         <name>.debug_info</name>
         <load_address>0xe4c2</load_address>
         <run_address>0xe4c2</run_address>
         <size>0x273</size>
         <input_file_ref idref="fl-1a"/>
      </object_component>
      <object_component id="oc-2e1">
         <name>.debug_info</name>
         <load_address>0xe735</load_address>
         <run_address>0xe735</run_address>
         <size>0x24d</size>
         <input_file_ref idref="fl-1a"/>
      </object_component>
      <object_component id="oc-12c">
         <name>.debug_info</name>
         <load_address>0xe982</load_address>
         <run_address>0xe982</run_address>
         <size>0x212</size>
         <input_file_ref idref="fl-1b"/>
      </object_component>
      <object_component id="oc-35c">
         <name>.debug_info</name>
         <load_address>0xeb94</load_address>
         <run_address>0xeb94</run_address>
         <size>0x116</size>
         <input_file_ref idref="fl-13d"/>
      </object_component>
      <object_component id="oc-264">
         <name>.debug_info</name>
         <load_address>0xecaa</load_address>
         <run_address>0xecaa</run_address>
         <size>0x204</size>
         <input_file_ref idref="fl-13d"/>
      </object_component>
      <object_component id="oc-399">
         <name>.debug_info</name>
         <load_address>0xeeae</load_address>
         <run_address>0xeeae</run_address>
         <size>0xf7</size>
         <input_file_ref idref="fl-13e"/>
      </object_component>
      <object_component id="oc-301">
         <name>.debug_info</name>
         <load_address>0xefa5</load_address>
         <run_address>0xefa5</run_address>
         <size>0x11f</size>
         <input_file_ref idref="fl-13e"/>
      </object_component>
      <object_component id="oc-27">
         <name>.debug_info</name>
         <load_address>0xf0c4</load_address>
         <run_address>0xf0c4</run_address>
         <size>0x134</size>
         <input_file_ref idref="fl-13f"/>
      </object_component>
      <object_component id="oc-44">
         <name>.debug_info</name>
         <load_address>0xf1f8</load_address>
         <run_address>0xf1f8</run_address>
         <size>0x121</size>
         <input_file_ref idref="fl-140"/>
      </object_component>
      <object_component id="oc-15">
         <name>.debug_info</name>
         <load_address>0xf319</load_address>
         <run_address>0xf319</run_address>
         <size>0x1c0</size>
         <input_file_ref idref="fl-140"/>
      </object_component>
      <object_component id="oc-3f">
         <name>.debug_info</name>
         <load_address>0xf4d9</load_address>
         <run_address>0xf4d9</run_address>
         <size>0x46</size>
         <input_file_ref idref="fl-140"/>
      </object_component>
      <object_component id="oc-e6">
         <name>.debug_info</name>
         <load_address>0xf51f</load_address>
         <run_address>0xf51f</run_address>
         <size>0x2c</size>
         <input_file_ref idref="fl-140"/>
      </object_component>
      <object_component id="oc-4c">
         <name>.debug_info</name>
         <load_address>0xf54b</load_address>
         <run_address>0xf54b</run_address>
         <size>0x115</size>
         <input_file_ref idref="fl-141"/>
      </object_component>
      <object_component id="oc-47">
         <name>.debug_info</name>
         <load_address>0xf660</load_address>
         <run_address>0xf660</run_address>
         <size>0x228</size>
         <input_file_ref idref="fl-141"/>
      </object_component>
      <object_component id="oc-1b">
         <name>.debug_info</name>
         <load_address>0xf888</load_address>
         <run_address>0xf888</run_address>
         <size>0x192</size>
         <input_file_ref idref="fl-141"/>
      </object_component>
      <object_component id="oc-4d">
         <name>.debug_info</name>
         <load_address>0xfa1a</load_address>
         <run_address>0xfa1a</run_address>
         <size>0x39</size>
         <input_file_ref idref="fl-141"/>
      </object_component>
      <object_component id="oc-5d">
         <name>.debug_info</name>
         <load_address>0xfa53</load_address>
         <run_address>0xfa53</run_address>
         <size>0x110</size>
         <input_file_ref idref="fl-142"/>
      </object_component>
      <object_component id="oc-1f">
         <name>.debug_info</name>
         <load_address>0xfb63</load_address>
         <run_address>0xfb63</run_address>
         <size>0x18b</size>
         <input_file_ref idref="fl-142"/>
      </object_component>
      <object_component id="oc-58">
         <name>.debug_info</name>
         <load_address>0xfcee</load_address>
         <run_address>0xfcee</run_address>
         <size>0x46</size>
         <input_file_ref idref="fl-142"/>
      </object_component>
      <object_component id="oc-279">
         <name>.debug_info</name>
         <load_address>0xfd34</load_address>
         <run_address>0xfd34</run_address>
         <size>0x11b</size>
         <input_file_ref idref="fl-143"/>
      </object_component>
      <object_component id="oc-110">
         <name>.debug_info</name>
         <load_address>0xfe4f</load_address>
         <run_address>0xfe4f</run_address>
         <size>0x172</size>
         <input_file_ref idref="fl-144"/>
      </object_component>
      <object_component id="oc-10d">
         <name>.debug_info</name>
         <load_address>0xffc1</load_address>
         <run_address>0xffc1</run_address>
         <size>0x117</size>
         <input_file_ref idref="fl-144"/>
      </object_component>
      <object_component id="oc-72">
         <name>.debug_info</name>
[...]
         <object_component_ref idref="oc-1a9"/>
      </symbol>
      <symbol id="sm-441">
         <name>UARTwrite</name>
         <value>0xffb</value>
         <object_component_ref idref="oc-1a9"/>
      </symbol>
      <symbol id="sm-442">
         <name>UARTprintf</name>
         <value>0x141b</value>
         <object_component_ref idref="oc-1a9"/>
      </symbol>
      <symbol id="sm-443">
         <name>UARTvprintf</name>
         <value>0x1121</value>
         <object_component_ref idref="oc-1a9"/>
      </symbol>
      <symbol id="sm-495">
         <name>GPIOPinTypePWM</name>
         <value>0x4a71</value>
         <object_component_ref idref="oc-222"/>
      </symbol>
      <symbol id="sm-496">
         <name>GPIOPinConfigure</name>
         <value>0x4541</value>
         <object_component_ref idref="oc-228"/>
      </symbol>
      <symbol id="sm-497">
         <name>GPIOPinTypeUART</name>
         <value>0x4a95</value>
         <object_component_ref idref="oc-2c1"/>
      </symbol>
      <symbol id="sm-498">
         <name>GPIOPinTypeGPIOOutput</name>
         <value>0x49eb</value>
         <object_component_ref idref="oc-81"/>
      </symbol>
      <symbol id="sm-499">
         <name>GPIODirModeSet</name>
         <value>0x4909</value>
         <object_component_ref idref="oc-116"/>
      </symbol>
      <symbol id="sm-49a">
         <name>GPIOPinWrite</name>
         <value>0x4b8b</value>
         <object_component_ref idref="oc-bd"/>
      </symbol>
      <symbol id="sm-49b">
         <name>GPIOPadConfigSet</name>
         <value>0x351f</value>
         <object_component_ref idref="oc-87"/>
      </symbol>
      <symbol id="sm-49c">
         <name>GPIOPinTypeSSI</name>
         <value>0x4a83</value>
         <object_component_ref idref="oc-29b"/>
      </symbol>
      <symbol id="sm-4cc">
         <name>IntEnable</name>
         <value>0x4285</value>
         <object_component_ref idref="oc-93"/>
      </symbol>
      <symbol id="sm-4cd">
         <name>IntMasterEnable</name>
         <value>0x4add</value>
         <object_component_ref idref="oc-99"/>
      </symbol>
      <symbol id="sm-4fa">
         <name>PWMGenPeriodSet</name>
         <value>0x4aed</value>
         <object_component_ref idref="oc-234"/>
      </symbol>
      <symbol id="sm-4fb">
         <name>PWMPulseWidthSet</name>
         <value>0x4999</value>
         <object_component_ref idref="oc-240"/>
      </symbol>
      <symbol id="sm-4fc">
         <name>PWMOutputState</name>
         <value>0x4aa7</value>
         <object_component_ref idref="oc-246"/>
      </symbol>
      <symbol id="sm-4fd">
         <name>PWMGenEnable</name>
         <value>0x4b25</value>
         <object_component_ref idref="oc-23a"/>
      </symbol>
      <symbol id="sm-4fe">
         <name>PWMGenConfigure</name>
         <value>0x4933</value>
         <object_component_ref idref="oc-22e"/>
      </symbol>
      <symbol id="sm-525">
         <name>SSIDataPut</name>
         <value>0x4b49</value>
         <object_component_ref idref="oc-2b3"/>
      </symbol>
      <symbol id="sm-526">
         <name>SSIConfigSetExpClk</name>
         <value>0x4769</value>
         <object_component_ref idref="oc-2a1"/>
      </symbol>
      <symbol id="sm-527">
         <name>SSIEnable</name>
         <value>0x4b53</value>
         <object_component_ref idref="oc-2a7"/>
      </symbol>
      <symbol id="sm-528">
         <name>SSIBusy</name>
         <value>0x4b7b</value>
         <object_component_ref idref="oc-2ad"/>
      </symbol>
      <symbol id="sm-58f">
         <name>SysCtlPeripheralPresent</name>
         <value>0x47a5</value>
         <object_component_ref idref="oc-2c8"/>
      </symbol>
      <symbol id="sm-590">
         <name>SysCtlClockSet</name>
         <value>0x3b91</value>
         <object_component_ref idref="oc-197"/>
      </symbol>
      <symbol id="sm-591">
         <name>SysCtlDelay</name>
         <value>0x4b91</value>
         <object_component_ref idref="oc-299"/>
      </symbol>
      <symbol id="sm-592">
         <name>SysCtlPeripheralEnable</name>
         <value>0x4815</value>
         <object_component_ref idref="oc-7b"/>
      </symbol>
      <symbol id="sm-593">
         <name>SysCtlClockGet</name>
         <value>0x376d</value>
         <object_component_ref idref="oc-13e"/>
      </symbol>
      <symbol id="sm-594">
         <name>SysCtlPWMClockSet</name>
         <value>0x4a35</value>
         <object_component_ref idref="oc-21c"/>
      </symbol>
      <symbol id="sm-5da">
         <name>TimerLoadSet</name>
         <value>0x4ab9</value>
         <object_component_ref idref="oc-c3"/>
      </symbol>
      <symbol id="sm-5db">
         <name>TimerDisable</name>
         <value>0x4a05</value>
         <object_component_ref idref="oc-ab"/>
      </symbol>
      <symbol id="sm-5dc">
         <name>TimerEnable</name>
         <value>0x4afd</value>
         <object_component_ref idref="oc-c9"/>
      </symbol>
      <symbol id="sm-5dd">
         <name>TimerIntDisable</name>
         <value>0x4b5d</value>
         <object_component_ref idref="oc-b1"/>
      </symbol>
      <symbol id="sm-5de">
         <name>TimerIntEnable</name>
         <value>0x4b83</value>
         <object_component_ref idref="oc-cf"/>
      </symbol>
      <symbol id="sm-5df">
         <name>TimerConfigure</name>
         <value>0x4355</value>
         <object_component_ref idref="oc-8d"/>
      </symbol>
      <symbol id="sm-5e0">
         <name>TimerIntClear</name>
         <value>0x4ba3</value>
         <object_component_ref idref="oc-9f"/>
      </symbol>
      <symbol id="sm-61b">
         <name>UARTConfigSetExpClk</name>
         <value>0x4619</value>
         <object_component_ref idref="oc-2ce"/>
      </symbol>
      <symbol id="sm-61c">
         <name>UARTDisable</name>
         <value>0x4979</value>
         <object_component_ref idref="oc-377"/>
      </symbol>
      <symbol id="sm-61d">
         <name>UARTClockSourceSet</name>
         <value>0x4b97</value>
         <object_component_ref idref="oc-2bb"/>
      </symbol>
      <symbol id="sm-61e">
         <name>UARTCharPut</name>
         <value>0x4b71</value>
         <object_component_ref idref="oc-2da"/>
      </symbol>
      <symbol id="sm-61f">
         <name>UARTEnable</name>
         <value>0x4a49</value>
         <object_component_ref idref="oc-2d4"/>
      </symbol>
      <symbol id="sm-620">
         <name>UARTCharGet</name>
         <value>0x4b67</value>
         <object_component_ref idref="oc-2e0"/>
      </symbol>
      <symbol id="sm-62a">
         <name>CPUcpsie</name>
         <value>0x4b19</value>
         <object_component_ref idref="oc-12b"/>
      </symbol>
      <symbol id="sm-64b">
         <name>atan2</name>
         <value>0x2e3d</value>
         <object_component_ref idref="oc-262"/>
      </symbol>
      <symbol id="sm-658">
         <name>atof</name>
         <value>0x4acb</value>
         <object_component_ref idref="oc-2fe"/>
      </symbol>
      <symbol id="sm-66a">
         <name>_c_int00</name>
         <value>0x440d</value>
         <object_component_ref idref="oc-24"/>
      </symbol>
      <symbol id="sm-66b">
         <name>__stack</name>
         <value>0x20000be0</value>
         <object_component_ref idref="oc-29"/>
      </symbol>
      <symbol id="sm-682">
         <name>__TI_decompress_none</name>
         <value>0x4b0b</value>
         <object_component_ref idref="oc-12"/>
      </symbol>
      <symbol id="sm-6a5">
         <name>__TI_decompress_rle24</name>
         <value>0x4b9d</value>
         <object_component_ref idref="oc-18"/>
      </symbol>
      <symbol id="sm-6b7">
         <name>__TI_zero_init</name>
         <value>0x4b31</value>
         <object_component_ref idref="oc-1e"/>
      </symbol>
      <symbol id="sm-6c1">
         <name>cos</name>
         <value>0x49b7</value>
         <object_component_ref idref="oc-278"/>
      </symbol>
      <symbol id="sm-6e0">
         <name>C$$EXIT</name>
         <value>0x4661</value>
         <object_component_ref idref="oc-70"/>
      </symbol>
      <symbol id="sm-6e1">
         <name>abort</name>
         <value>0x4665</value>
         <object_component_ref idref="oc-70"/>
      </symbol>
      <symbol id="sm-6e2">
         <name>exit</name>
         <value>0x466d</value>
         <object_component_ref idref="oc-70"/>
      </symbol>
      <symbol id="sm-6e3">
         <name>__TI_dtors_ptr</name>
         <value>0x20001984</value>
         <object_component_ref idref="oc-10c"/>
      </symbol>
      <symbol id="sm-6e4">
         <name>__TI_cleanup_ptr</name>
         <value>0x20001980</value>
         <object_component_ref idref="oc-10c"/>
      </symbol>
      <symbol id="sm-708">
         <name>__aeabi_dsub</name>
         <value>0x2af9</value>
         <object_component_ref idref="oc-1f9"/>
      </symbol>
      <symbol id="sm-709">
         <name>__aeabi_dadd</name>
         <value>0x2b03</value>
         <object_component_ref idref="oc-1f9"/>
      </symbol>
      <symbol id="sm-730">
         <name>__aeabi_cdcmpeq</name>
         <value>0x4027</value>
         <object_component_ref idref="oc-1f4"/>
      </symbol>
      <symbol id="sm-731">
         <name>__aeabi_cdcmple</name>
         <value>0x4027</value>
         <object_component_ref idref="oc-1f4"/>
      </symbol>
      <symbol id="sm-732">
         <name>__aeabi_cdrcmple</name>
         <value>0x40ad</value>
         <object_component_ref idref="oc-268"/>
      </symbol>
      <symbol id="sm-752">
         <name>__aeabi_ddiv</name>
         <value>0x33e9</value>
         <object_component_ref idref="oc-25d"/>
      </symbol>
      <symbol id="sm-769">
         <name>__aeabi_dmul</name>
         <value>0x3a95</value>
         <object_component_ref idref="oc-172"/>
      </symbol>
      <symbol id="sm-776">
         <name>__aeabi_d2f</name>
         <value>0x45d1</value>
         <object_component_ref idref="oc-177"/>
      </symbol>
      <symbol id="sm-783">
         <name>__aeabi_d2uiz</name>
         <value>0x46a5</value>
         <object_component_ref idref="oc-273"/>
      </symbol>
      <symbol id="sm-79c">
         <name>floor</name>
         <value>0x3c85</value>
         <object_component_ref idref="oc-26d"/>
      </symbol>
      <symbol id="sm-7aa">
         <name>__aeabi_f2d</name>
         <value>0x47dd</value>
         <object_component_ref idref="oc-133"/>
      </symbol>
      <symbol id="sm-7b7">
         <name>hypot</name>
         <value>0x44f5</value>
         <object_component_ref idref="oc-257"/>
      </symbol>
      <symbol id="sm-7c3">
         <name>__aeabi_i2d</name>
         <value>0x48ad</value>
         <object_component_ref idref="oc-16d"/>
      </symbol>
      <symbol id="sm-7d9">
         <name>lround</name>
         <value>0x3d4d</value>
         <object_component_ref idref="oc-138"/>
      </symbol>
      <symbol id="sm-7e8">
         <name>ltoa</name>
         <value>0x43b5</value>
         <object_component_ref idref="oc-1be"/>
      </symbol>
      <symbol id="sm-803">
         <name>memcpy</name>
         <value>0x3f8b</value>
         <object_component_ref idref="oc-39"/>
      </symbol>
      <symbol id="sm-804">
         <name>__aeabi_memcpy</name>
         <value>0x3f8b</value>
         <object_component_ref idref="oc-39"/>
      </symbol>
      <symbol id="sm-805">
         <name>__aeabi_memcpy8</name>
         <value>0x3f8b</value>
         <object_component_ref idref="oc-39"/>
      </symbol>
      <symbol id="sm-806">
         <name>__aeabi_memcpy4</name>
         <value>0x3f8b</value>
         <object_component_ref idref="oc-39"/>
      </symbol>
      <symbol id="sm-815">
         <name>__aeabi_memset</name>
         <value>0x4135</value>
         <object_component_ref idref="oc-52"/>
      </symbol>
      <symbol id="sm-816">
         <name>memset</name>
         <value>0x413b</value>
         <object_component_ref idref="oc-52"/>
      </symbol>
      <symbol id="sm-817">
         <name>__aeabi_memset8</name>
         <value>0x4135</value>
         <object_component_ref idref="oc-52"/>
      </symbol>
      <symbol id="sm-818">
         <name>__aeabi_memset4</name>
         <value>0x4135</value>
         <object_component_ref idref="oc-52"/>
      </symbol>
      <symbol id="sm-819">
         <name>__aeabi_memclr8</name>
         <value>0x4133</value>
         <object_component_ref idref="oc-52"/>
      </symbol>
      <symbol id="sm-81a">
         <name>__aeabi_memclr4</name>
         <value>0x4133</value>
         <object_component_ref idref="oc-52"/>
      </symbol>
      <symbol id="sm-81b">
         <name>__aeabi_memclr</name>
         <value>0x4133</value>
         <object_component_ref idref="oc-52"/>
      </symbol>
      <symbol id="sm-825">
         <name>_system_pre_init</name>
         <value>0x4ba7</value>
         <object_component_ref idref="oc-5e"/>
      </symbol>
      <symbol id="sm-82f">
         <name>sin</name>
         <value>0x49d1</value>
         <object_component_ref idref="oc-27e"/>
      </symbol>
      <symbol id="sm-84e">
         <name>sqrt</name>
         <value>0x32a1</value>
         <object_component_ref idref="oc-251"/>
      </symbol>
      <symbol id="sm-856">
         <name>main_func_sp</name>
         <value>0x2000199c</value>
         <object_component_ref idref="oc-76"/>
      </symbol>
      <symbol id="sm-895">
         <name>strtold</name>
         <value>0x28bd</value>
         <object_component_ref idref="oc-392"/>
      </symbol>
      <symbol id="sm-896">
         <name>strtod</name>
         <value>0x28bd</value>
         <object_component_ref idref="oc-392"/>
      </symbol>
      <symbol id="sm-8a0">
         <name>trunc</name>
         <value>0x4955</value>
         <object_component_ref idref="oc-304"/>
      </symbol>
      <symbol id="sm-8b2">
         <name>__aeabi_uidivmod</name>
         <value>0x4729</value>
         <object_component_ref idref="oc-2ec"/>
      </symbol>
      <symbol id="sm-8b3">
         <name>__aeabi_uidiv</name>
         <value>0x4729</value>
         <object_component_ref idref="oc-2ec"/>
      </symbol>
      <symbol id="sm-8d9">
         <name>_Atan</name>
         <value>0x2cb1</value>
         <object_component_ref idref="oc-355"/>
      </symbol>
      <symbol id="sm-8f8">
         <name>_Dint</name>
         <value>0x3e0d</value>
         <object_component_ref idref="oc-1fe"/>
      </symbol>
      <symbol id="sm-914">
         <name>_Dscale</name>
         <value>0x387d</value>
         <object_component_ref idref="oc-343"/>
      </symbol>
      <symbol id="sm-928">
         <name>_Dunscale</name>
         <value>0x42ed</value>
         <object_component_ref idref="oc-33d"/>
      </symbol>
      <symbol id="sm-937">
         <name>_Feraise</name>
         <value>0x487d</value>
         <object_component_ref idref="oc-204"/>
      </symbol>
      <symbol id="sm-95b">
         <name>_Hypot</name>
         <value>0x2659</value>
         <object_component_ref idref="oc-34d"/>
      </symbol>
      <symbol id="sm-995">
         <name>_Sin</name>
         <value>0x2145</value>
         <object_component_ref idref="oc-361"/>
      </symbol>
      <symbol id="sm-9a5">
         <name>_Rteps</name>
         <value>0x20001928</value>
         <object_component_ref idref="oc-349"/>
      </symbol>
      <symbol id="sm-9a6">
         <name>_Zero</name>
         <value>0x20001940</value>
         <object_component_ref idref="oc-349"/>
      </symbol>
      <symbol id="sm-9a7">
         <name>_Hugeval</name>
         <value>0x200018e8</value>
         <object_component_ref idref="oc-349"/>
      </symbol>
      <symbol id="sm-9a8">
         <name>_Snan</name>
         <value>0x20001918</value>
         <object_component_ref idref="oc-349"/>
      </symbol>
      <symbol id="sm-9a9">
         <name>_Nan</name>
         <value>0x20001908</value>
         <object_component_ref idref="oc-349"/>
      </symbol>
      <symbol id="sm-9aa">
         <name>_Inf</name>
         <value>0x200018f8</value>
         <object_component_ref idref="oc-349"/>
      </symbol>
      <symbol id="sm-9ab">
         <name>_Xbig</name>
         <value>0x20001938</value>
         <object_component_ref idref="oc-349"/>
      </symbol>
      <symbol id="sm-9ac">
         <name>_Eps</name>
         <value>0x200018d8</value>
         <object_component_ref idref="oc-349"/>
      </symbol>
      <symbol id="sm-9ad">
         <name>_Denorm</name>
         <value>0x200018c8</value>
         <object_component_ref idref="oc-349"/>
      </symbol>
      <symbol id="sm-9c6">
         <name>_nop</name>
         <value>0x4a6b</value>
         <object_component_ref idref="oc-1d4"/>
      </symbol>
      <symbol id="sm-9c7">
         <name>_lock</name>
         <value>0x20001978</value>
         <object_component_ref idref="oc-109"/>
      </symbol>
      <symbol id="sm-9c8">
         <name>_unlock</name>
         <value>0x2000197c</value>
         <object_component_ref idref="oc-109"/>
      </symbol>
      <symbol id="sm-9c9">
         <name>_register_lock</name>
         <value>0x4a63</value>
         <object_component_ref idref="oc-1d4"/>
      </symbol>
      <symbol id="sm-9ca">
         <name>_register_unlock</name>
         <value>0x4a5d</value>
         <object_component_ref idref="oc-1d4"/>
      </symbol>
      <symbol id="sm-9df">
         <name>_args_main</name>
         <value>0x4a1d</value>
         <object_component_ref idref="oc-6a"/>
      </symbol>
      <symbol id="sm-a05">
         <name>__TI_auto_init</name>
         <value>0x41ad</value>
         <object_component_ref idref="oc-64"/>
      </symbol>
      <symbol id="sm-a1f">
         <name>copy_in</name>
         <value>0x44a9</value>
         <object_component_ref idref="oc-f9"/>
      </symbol>
      <symbol id="sm-a2a">
         <name>_ctypes_</name>
         <value>0x8354</value>
         <object_component_ref idref="oc-3e0"/>
      </symbol>
      <symbol id="sm-a32">
         <name>_Errno</name>
         <value>0x20001998</value>
         <object_component_ref idref="oc-326"/>
      </symbol>
      <symbol id="sm-a40">
         <name>__aeabi_d2iz</name>
         <value>0x4589</value>
         <object_component_ref idref="oc-20a"/>
      </symbol>
      <symbol id="sm-a5e">
         <name>feraiseexcept</name>
         <value>0x4849</value>
         <object_component_ref idref="oc-320"/>
      </symbol>
      <symbol id="sm-a5f">
         <name>_Tls_setup__Fenv</name>
         <value>0x2000198c</value>
         <object_component_ref idref="oc-3a7"/>
      </symbol>
      <symbol id="sm-a60">
         <name>_Fenv</name>
         <value>0x20001988</value>
         <object_component_ref idref="oc-3a7"/>
      </symbol>
      <symbol id="sm-a84">
         <name>fmod</name>
         <value>0x2fb9</value>
         <object_component_ref idref="oc-3cc"/>
      </symbol>
      <symbol id="sm-a8e">
         <name>__aeabi_idiv0</name>
         <value>0x2caf</value>
         <object_component_ref idref="oc-386"/>
      </symbol>
      <symbol id="sm-aa2">
         <name>raise</name>
         <value>0x48db</value>
         <object_component_ref idref="oc-3a1"/>
      </symbol>
      <symbol id="sm-abc">
         <name>signal</name>
         <value>0x46e9</value>
         <object_component_ref idref="oc-3eb"/>
      </symbol>
      <symbol id="sm-ad1">
         <name>_Dnorm</name>
         <value>0x3ecd</value>
         <object_component_ref idref="oc-3b1"/>
      </symbol>
      <symbol id="sm-ad2">
         <name>__TI_static_base__</name>
         <value>0x0</value>
      </symbol>
      <symbol id="sm-ad5">
         <name>SHT$$INIT_ARRAY$$Limit</name>
         <value>0x0</value>
      </symbol>
      <symbol id="sm-ad6">
         <name>SHT$$INIT_ARRAY$$Base</name>
         <value>0x0</value>
      </symbol>
   </symbol_table>
   <title>Link successful</title>
</link_info>
