******************************************************************************
                  TI ARM Linker PC v5.2.5                      
******************************************************************************
>> Linked Wed Nov 30 21:57:36 2016

OUTPUT FILE NAME:   <Stepper_test.out>
ENTRY POINT SYMBOL: "_c_int00"  address: 0000440d


MEMORY CONFIGURATION

         name            origin    length      used     unused   attr    fill
----------------------  --------  ---------  --------  --------  ----  --------
  FLASH                 00000000   00040000  00008cc0  00037340  R  X
  SRAM                  20000000   00008000  0000199e  00006662  RW X


SEGMENT ALLOCATION MAP

run origin  load origin   length   init length attrs members
----------  ----------- ---------- ----------- ----- -------
00000000    00000000    00008cc8   00008cc8    r-x
  00000000    00000000    0000026c   0000026c    r-- .intvecs
  0000026c    0000026c    0000493e   0000493e    r-x .text
  00004bb0    00004bb0    00003c4e   00003c4e    r-- .const
  00008800    00008800    000004c8   000004c8    r-- .cinit
20000000    20000000    000019a0   00000000    rw-
  20000000    20000000    00000bde   00000000    rw- .bss
  20000be0    20000be0    00000800   00000000    rw- .stack
  200013e0    200013e0    000005c0   00000000    rw- .data


SECTION ALLOCATION MAP

 output                                  attributes/
section   page    origin      length       input sections
--------  ----  ----------  ----------   ----------------
.intvecs   0    00000000    0000026c     
                  00000000    0000026c     tm4c123gh6pm_startup_ccs.obj (.intvecs)

.text      0    0000026c    0000493e     
                  0000026c    000006d8     motion.obj (.text)
                  00000944    00000670     main.obj (.text)
                  00000fb4    0000049c     uartstdio.obj (.text)
                  00001450    0000048c     system.obj (.text)
                  000018dc    00000310     lcd12864.obj (.text)
                  00001bec    000002b8     parser.obj (.text)
                  00001ea4    000002a0     planner.obj (.text)
                  00002144    00000294     rtsv7M4_T_le_v4SPD16_eabi.lib : xsin.obj (.text)
                  000023d8    00000280     stepper.obj (.text)
                  00002658    00000264     rtsv7M4_T_le_v4SPD16_eabi.lib : xhypot.obj (.text)
                  000028bc    0000023c                                   : strtod.obj (.text)
                  00002af8    000001b6                                   : fd_add_t2.obj (.text)
                  00002cae    00000002                                   : i_div0.obj (.text)
                  00002cb0    0000018c                                   : xatan.obj (.text)
                  00002e3c    0000017c                                   : atan2.obj (.text)
                  00002fb8    00000174                                   : fmod.obj (.text)
                  0000312c    00000172     queue.obj (.text)
                  0000329e    00000002     --HOLE-- [fill = 0]
                  000032a0    00000148     rtsv7M4_T_le_v4SPD16_eabi.lib : sqrt.obj (.text)
                  000033e8    00000136                                   : fd_div_t2.obj (.text)
                  0000351e    00000132     driverlib.lib : gpio.obj (.text:GPIOPadConfigSet)
                  00003650    0000011a     tokenizer.obj (.text)
                  0000376a    00000002     --HOLE-- [fill = 0]
                  0000376c    00000110     driverlib.lib : sysctl.obj (.text:SysCtlClockGet)
                  0000387c    00000110     rtsv7M4_T_le_v4SPD16_eabi.lib : xdscale.obj (.text)
                  0000398c    00000108     spindle.obj (.text)
                  00003a94    000000fc     rtsv7M4_T_le_v4SPD16_eabi.lib : fd_mul_t2.obj (.text)
                  00003b90    000000f4     driverlib.lib : sysctl.obj (.text:SysCtlClockSet)
                  00003c84    000000c8     rtsv7M4_T_le_v4SPD16_eabi.lib : floor.obj (.text)
                  00003d4c    000000c0                                   : lround.obj (.text)
                  00003e0c    000000c0                                   : xdint.obj (.text)
                  00003ecc    000000be                                   : xdnorm.obj (.text)
                  00003f8a    0000009c                                   : memcpy_t2.obj (.text)
                  00004026    00000086                                   : fd_cmp_t2.obj (.text:__aeabi_cdcmple)
                  000040ac    00000086                                   : fd_cmp_t2.obj (.text:__aeabi_cdrcmple)
                  00004132    0000007a                                   : memset_t2.obj (.text)
                  000041ac    0000006c                                   : autoinit.obj (.text)
                  00004218    0000006a                                   : copy_decompress_rle.obj (.text)
                  00004282    00000002     --HOLE-- [fill = 0]
                  00004284    00000068     driverlib.lib : interrupt.obj (.text:IntEnable)
                  000042ec    00000066     rtsv7M4_T_le_v4SPD16_eabi.lib : xdunscal.obj (.text)
                  00004352    00000002     --HOLE-- [fill = 0]
                  00004354    00000060     driverlib.lib : timer.obj (.text:TimerConfigure)
                  000043b4    00000056     rtsv7M4_T_le_v4SPD16_eabi.lib : ltoa.obj (.text)
                  0000440a    00000002     --HOLE-- [fill = 0]
                  0000440c    00000050                                   : boot.obj (.text)
                  0000445c    0000004c     console.obj (.text)
                  000044a8    0000004c     rtsv7M4_T_le_v4SPD16_eabi.lib : cpy_tbl.obj (.text)
                  000044f4    0000004a                                   : hypot.obj (.text)
                  0000453e    00000002     --HOLE-- [fill = 0]
                  00004540    00000048     driverlib.lib : gpio.obj (.text:GPIOPinConfigure)
                  00004588    00000048     rtsv7M4_T_le_v4SPD16_eabi.lib : fd_toi_t2.obj (.text)
                  000045d0    00000048                                   : fd_tos_t2.obj (.text)
                  00004618    00000046     driverlib.lib : uart.obj (.text:UARTConfigSetExpClk)
                  0000465e    00000002     --HOLE-- [fill = 0]
                  00004660    00000044     rtsv7M4_T_le_v4SPD16_eabi.lib : exit.obj (.text)
                  000046a4    00000044                                   : fd_tou_t2.obj (.text)
                  000046e8    00000040                                   : signal.obj (.text)
                  00004728    00000040                                   : u_divt2.obj (.text)
                  00004768    0000003c     driverlib.lib : ssi.obj (.text:SSIConfigSetExpClk)
                  000047a4    00000038                   : sysctl.obj (.text:SysCtlPeripheralPresent)
                  000047dc    00000038     rtsv7M4_T_le_v4SPD16_eabi.lib : fs_tod_t2.obj (.text)
                  00004814    00000034     driverlib.lib : sysctl.obj (.text:SysCtlPeripheralEnable)
                  00004848    00000034     rtsv7M4_T_le_v4SPD16_eabi.lib : feraiseexcept.obj (.text)
                  0000487c    00000030                                   : xferaise.obj (.text)
                  000048ac    0000002e                                   : i_tofd_t2.obj (.text)
                  000048da    0000002e                                   : raise.obj (.text)
                  00004908    0000002a     driverlib.lib : gpio.obj (.text:GPIODirModeSet)
                  00004932    00000022                   : pwm.obj (.text:PWMGenConfigure)
                  00004954    00000022     rtsv7M4_T_le_v4SPD16_eabi.lib : trunc.obj (.text)
                  00004976    00000002     --HOLE-- [fill = 0]
                  00004978    00000020     driverlib.lib : uart.obj (.text:UARTDisable)
                  00004998    0000001e                   : pwm.obj (.text:PWMPulseWidthSet)
                  000049b6    0000001a     rtsv7M4_T_le_v4SPD16_eabi.lib : cos.obj (.text)
                  000049d0    0000001a                                   : sin.obj (.text)
                  000049ea    00000018     driverlib.lib : gpio.obj (.text:GPIOPinTypeGPIOOutput)
                  00004a02    00000002     --HOLE-- [fill = 0]
                  00004a04    00000018                   : timer.obj (.text:TimerDisable)
                  00004a1c    00000018     rtsv7M4_T_le_v4SPD16_eabi.lib : args_main.obj (.text)
                  00004a34    00000014     driverlib.lib : sysctl.obj (.text:SysCtlPWMClockSet)
                  00004a48    00000014                   : uart.obj (.text:UARTEnable)
                  00004a5c    00000014     rtsv7M4_T_le_v4SPD16_eabi.lib : _lock.obj (.text)
                  00004a70    00000012     driverlib.lib : gpio.obj (.text:GPIOPinTypePWM)
                  00004a82    00000012                   : gpio.obj (.text:GPIOPinTypeSSI)
                  00004a94    00000012                   : gpio.obj (.text:GPIOPinTypeUART)
                  00004aa6    00000012                   : pwm.obj (.text:PWMOutputState)
                  00004ab8    00000012                   : timer.obj (.text:TimerLoadSet)
                  00004aca    00000012     rtsv7M4_T_le_v4SPD16_eabi.lib : atof.obj (.text)
                  00004adc    00000010     driverlib.lib : interrupt.obj (.text:IntMasterEnable)
                  00004aec    00000010                   : pwm.obj (.text:PWMGenPeriodSet)
                  00004afc    0000000e                   : timer.obj (.text:TimerEnable)
                  00004b0a    0000000e     rtsv7M4_T_le_v4SPD16_eabi.lib : copy_decompress_none.obj (.text:decompress:none)
                  00004b18    0000000c     driverlib.lib : cpu.obj (.text:CPUcpsie)
                  00004b24    0000000c                   : pwm.obj (.text:PWMGenEnable)
                  00004b30    0000000c     rtsv7M4_T_le_v4SPD16_eabi.lib : copy_zero_init.obj (.text:decompress:ZI)
                  00004b3c    0000000c     tm4c123gh6pm_startup_ccs.obj (.text)
                  00004b48    0000000a     driverlib.lib : ssi.obj (.text:SSIDataPut)
                  00004b52    0000000a                   : ssi.obj (.text:SSIEnable)
                  00004b5c    0000000a                   : timer.obj (.text:TimerIntDisable)
                  00004b66    0000000a                   : uart.obj (.text:UARTCharGet)
                  00004b70    0000000a                   : uart.obj (.text:UARTCharPut)
                  00004b7a    00000008                   : ssi.obj (.text:SSIBusy)
                  00004b82    00000008                   : timer.obj (.text:TimerIntEnable)
                  00004b8a    00000006                   : gpio.obj (.text:GPIOPinWrite)
                  00004b90    00000006                   : sysctl.obj (.text:SysCtlDelay)
                  00004b96    00000006                   : uart.obj (.text:UARTClockSourceSet)
                  00004b9c    00000006     rtsv7M4_T_le_v4SPD16_eabi.lib : copy_decompress_rle.obj (.text:decompress:rle24)
                  00004ba2    00000004     driverlib.lib : timer.obj (.text:TimerIntClear)
                  00004ba6    00000004     rtsv7M4_T_le_v4SPD16_eabi.lib : pre_init.obj (.text)

.const     0    00004bb0    00003c4e     
                  00004bb0    000037a4     main.obj (.const:.string)
                  00008354    00000101     rtsv7M4_T_le_v4SPD16_eabi.lib : ctype.obj (.const:.string:_ctypes_)
                  00008455    00000003     --HOLE-- [fill = 0]
                  00008458    00000098                                   : strtod.obj (.const)
                  000084f0    00000090     driverlib.lib : gpio.obj (.const:g_pui32GPIOBaseAddrs)
                  00008580    00000088     rtsv7M4_T_le_v4SPD16_eabi.lib : xatan.obj (.const)
                  00008608    00000080                                   : xsin.obj (.const)
                  00008688    00000070     driverlib.lib : interrupt.obj (.const)
                  000086f8    0000006c                   : sysctl.obj (.const:g_pui32Xtals)
                  00008764    0000003c     main.obj (.const:$P$T0$1)
                  000087a0    00000030     rtsv7M4_T_le_v4SPD16_eabi.lib : xdint.obj (.const)
                  000087d0    0000001c     uartstdio.obj (.const)
                  000087ec    00000012     uartstdio.obj (.const:.string)

.cinit     0    00008800    000004c8     
                  00008800    000004a0     (.cinit..data.load) [load image, compression = rle]
                  00008ca0    0000000c     (__TI_handler_table)
                  00008cac    00000004     --HOLE-- [fill = 0]
                  00008cb0    00000008     (.cinit..bss.load) [load image, compression = zero_init]
                  00008cb8    00000010     (__TI_cinit_table)

.init_array 
*          0    00000000    00000000     UNINITIALIZED

.bss       0    20000000    00000bde     UNINITIALIZED
                  20000000    00000b00     planner.obj (.bss:Motion_Buffer)
                  20000b00    00000050     system.obj (.bss:system_t)
                  20000b50    0000002c     planner.obj (.bss:entry$1)
                  20000b7c    0000002c     planner.obj (.bss:new_entry)
                  20000ba8    00000010     (.common:Motion_Queue)
                  20000bb8    0000000c     (.common:Global_Position)
                  20000bc4    0000000c     (.common:position)
                  20000bd0    00000004     (.common:ID)
                  20000bd4    00000004     (.common:period)
                  20000bd8    00000004     (.common:stepper)
                  20000bdc    00000002     (.common:duty_cycle)

.TI.noinit 
*          0    20000000    00000000     UNINITIALIZED

.stack     0    20000be0    00000800     UNINITIALIZED
                  20000be0    00000800     --HOLE--

.data      0    200013e0    000005c0     UNINITIALIZED
                  200013e0    00000438     main.obj (.data:utep)
                  20001818    000000b0     rtsv7M4_T_le_v4SPD16_eabi.lib : signal.obj (.data:sigtable)
                  200018c8    00000080                                   : xvalues.obj (.data)
                  20001948    00000030     main.obj (.data:GrblGcodeSample)
                  20001978    00000008     rtsv7M4_T_le_v4SPD16_eabi.lib : _lock.obj (.data)
                  20001980    00000008                                   : exit.obj (.data)
                  20001988    00000008                                   : feraiseexcept.obj (.data)
                  20001990    00000005     uartstdio.obj (.data)
                  20001995    00000003     --HOLE--
                  20001998    00000004     rtsv7M4_T_le_v4SPD16_eabi.lib : errno.obj (.data)
                  2000199c    00000004                                   : stkdepth_vars.obj (.data)

.TI.persistent 
*          0    200013e0    00000000     UNINITIALIZED


LINKER GENERATED COPY TABLES

__TI_cinit_table @ 00008cb8 records: 2, size/record: 8, table size: 16
	.data: load addr=00008800, load size=000004a0 bytes, run addr=200013e0, run size=000005c0 bytes, compression=rle
	.bss: load addr=00008cb0, load size=00000008 bytes, run addr=20000000, run size=00000bde bytes, compression=zero_init


LINKER GENERATED HANDLER TABLE

__TI_handler_table @ 00008ca0 records: 3, size/record: 4, table size: 12
	index: 0, handler: __TI_decompress_rle24
	index: 1, handler: __TI_decompress_none
	index: 2, handler: __TI_zero_init


GLOBAL SYMBOLS: SORTED ALPHABETICALLY BY Name 

address   name                      
-------   ----                      
0000319d  Append                    
00004661  C$$EXIT                   
00004b19  CPUcpsie                  
0000325b  ClearQueue                
0000312d  CreateQueue               
00004909  GPIODirModeSet            
0000351f  GPIOPadConfigSet          
00004541  GPIOPinConfigure          
000049eb  GPIOPinTypeGPIOOutput     
00004a71  GPIOPinTypePWM            
00004a83  GPIOPinTypeSSI            
00004a95  GPIOPinTypeUART           
00004b8b  GPIOPinWrite              
20000bb8  Global_Position           
20001948  GrblGcodeSample           
20000bd0  ID                        
0000445d  InitConsole               
00004285  IntEnable                 
00004add  IntMasterEnable           
00001bbb  LCD_ROM_string            
00001a29  LCD_clear                 
00001a33  LCD_draw                  
000018dd  LCD_init                  
00001ae5  LCD_pixel                 
00001b39  LCD_set_cursor            
20000000  Motion_Buffer             
20000ba8  Motion_Queue              
00004933  PWMGenConfigure           
00004b25  PWMGenEnable              
00004aed  PWMGenPeriodSet           
00004aa7  PWMOutputState            
00004999  PWMPulseWidthSet          
00003153  QueueEmpty                
00003279  QueueFront                
00003177  QueueFull                 
0000324d  QueueSize                 
00004b3d  ResetISR                  
UNDEFED   SHT$$INIT_ARRAY$$Base     
UNDEFED   SHT$$INIT_ARRAY$$Limit    
00004b7b  SSIBusy                   
00004769  SSIConfigSetExpClk        
00004b49  SSIDataPut                
00004b53  SSIEnable                 
000031fb  Serve                     
0000245f  Stepper_ISR               
0000376d  SysCtlClockGet            
00003b91  SysCtlClockSet            
00004b91  SysCtlDelay               
00004a35  SysCtlPWMClockSet         
00004815  SysCtlPeripheralEnable    
000047a5  SysCtlPeripheralPresent   
00004355  TimerConfigure            
00004a05  TimerDisable              
00004afd  TimerEnable               
00004ba3  TimerIntClear             
00004b5d  TimerIntDisable           
00004b83  TimerIntEnable            
00004ab9  TimerLoadSet              
00003651  Token_get                 
00004b67  UARTCharGet               
00004b71  UARTCharPut               
00004b97  UARTClockSourceSet        
00004619  UARTConfigSetExpClk       
00004979  UARTDisable               
00004a49  UARTEnable                
00000fb5  UARTStdioConfig           
000010fb  UARTgetc                  
00001041  UARTgets                  
0000141b  UARTprintf                
00001121  UARTvprintf               
00000ffb  UARTwrite                 
00002cb1  _Atan                     
200018c8  _Denorm                   
00003e0d  _Dint                     
00003ecd  _Dnorm                    
0000387d  _Dscale                   
000042ed  _Dunscale                 
200018d8  _Eps                      
20001998  _Errno                    
20001988  _Fenv                     
0000487d  _Feraise                  
200018e8  _Hugeval                  
00002659  _Hypot                    
200018f8  _Inf                      
20001908  _Nan                      
20001928  _Rteps                    
00002145  _Sin                      
20001918  _Snan                     
2000198c  _Tls_setup__Fenv          
20001938  _Xbig                     
20001940  _Zero                     
200013e0  __STACK_END               
00000800  __STACK_SIZE              
20000de0  __STACK_TOP               
00008cb8  __TI_CINIT_Base           
00008cc8  __TI_CINIT_Limit          
00008ca0  __TI_Handler_Table_Base   
00008cac  __TI_Handler_Table_Limit  
000041ad  __TI_auto_init            
20001980  __TI_cleanup_ptr          
00004b0b  __TI_decompress_none      
00004b9d  __TI_decompress_rle24     
20001984  __TI_dtors_ptr            
00000000  __TI_static_base__        
00004b31  __TI_zero_init            
00004027  __aeabi_cdcmpeq           
00004027  __aeabi_cdcmple           
000040ad  __aeabi_cdrcmple          
000045d1  __aeabi_d2f               
00004589  __aeabi_d2iz              
000046a5  __aeabi_d2uiz             
00002b03  __aeabi_dadd              
000033e9  __aeabi_ddiv              
00003a95  __aeabi_dmul              
00002af9  __aeabi_dsub              
000047dd  __aeabi_f2d               
000048ad  __aeabi_i2d               
00002caf  __aeabi_idiv0             
00004133  __aeabi_memclr            
00004133  __aeabi_memclr4           
00004133  __aeabi_memclr8           
00003f8b  __aeabi_memcpy            
00003f8b  __aeabi_memcpy4           
00003f8b  __aeabi_memcpy8           
00004135  __aeabi_memset            
00004135  __aeabi_memset4           
00004135  __aeabi_memset8           
00004729  __aeabi_uidiv             
00004729  __aeabi_uidivmod          
ffffffff  __binit__                 
ffffffff  __c_args__                
20000be0  __stack                   
00004a1d  _args_main                
0000440d  _c_int00                  
00008354  _ctypes_                  
20001978  _lock                     
00004a6b  _nop                      
00004a63  _register_lock            
00004a5d  _register_unlock          
00004ba7  _system_pre_init          
2000197c  _unlock                   
00004665  abort                     
00002e3d  atan2                     
00004acb  atof                      
ffffffff  binit                     
000020bd  buffer_empty              
000020c7  buffer_full               
000020ab  buffer_init               
00001ea5  buffer_motion             
000020d1  buffer_reset              
000044a9  copy_in                   
000049b7  cos                       
20000bdc  duty_cycle                
000009d1  enter_command             
00000a35  enter_gcode_block         
00000b27  enter_serial_stream       
0000466d  exit                      
00004849  feraiseexcept             
00003c85  floor                     
00002fb9  fmod                      
00000000  g_pfnVectors              
000044f5  hypot                     
00000e31  lcd_update                
00003d4d  lround                    
000043b5  ltoa                      
00000945  main                      
2000199c  main_func_sp              
00003f8b  memcpy                    
0000413b  memset                    
00000295  motion_arc                
0000026d  motion_linear             
000020db  motion_serve              
20000b7c  new_entry                 
00001bed  parse_gcode               
20000bd4  period                    
20000bc4  position                  
00000d01  print_position            
000048db  raise                     
00000973  select_option             
000046e9  signal                    
000049d1  sin                       
0000398d  spindle_init              
000039f5  spindle_run               
000032a1  sqrt                      
20000bd8  stepper                   
000023d9  stepper_init              
000025f7  stepper_wakeup            
000028bd  strtod                    
000028bd  strtold                   
00001871  system_check              
000017ad  system_check_same_position
000016bd  system_execute            
00001451  system_get_modal          
00001455  system_get_position       
0000179d  system_get_position_rt    
000017a1  system_get_postion        
000018a9  system_init               
0000180d  system_set                
20000b00  system_t                  
00001459  system_update             
00001705  system_update_position    
00004955  trunc                     
200013e0  utep                      


GLOBAL SYMBOLS: SORTED BY Symbol Address 

address   name                      
-------   ----                      
00000000  __TI_static_base__        
00000000  g_pfnVectors              
0000026d  motion_linear             
00000295  motion_arc                
00000800  __STACK_SIZE              
00000945  main                      
00000973  select_option             
000009d1  enter_command             
00000a35  enter_gcode_block         
00000b27  enter_serial_stream       
00000d01  print_position            
00000e31  lcd_update                
00000fb5  UARTStdioConfig           
00000ffb  UARTwrite                 
00001041  UARTgets                  
000010fb  UARTgetc                  
00001121  UARTvprintf               
0000141b  UARTprintf                
00001451  system_get_modal          
00001455  system_get_position       
00001459  system_update             
000016bd  system_execute            
00001705  system_update_position    
0000179d  system_get_position_rt    
000017a1  system_get_postion        
000017ad  system_check_same_position
0000180d  system_set                
00001871  system_check              
000018a9  system_init               
000018dd  LCD_init                  
00001a29  LCD_clear                 
00001a33  LCD_draw                  
00001ae5  LCD_pixel                 
00001b39  LCD_set_cursor            
00001bbb  LCD_ROM_string            
00001bed  parse_gcode               
00001ea5  buffer_motion             
000020ab  buffer_init               
000020bd  buffer_empty              
000020c7  buffer_full               
000020d1  buffer_reset              
000020db  motion_serve              
00002145  _Sin                      
000023d9  stepper_init              
0000245f  Stepper_ISR               
000025f7  stepper_wakeup            
00002659  _Hypot                    
000028bd  strtod                    
000028bd  strtold                   
00002af9  __aeabi_dsub              
00002b03  __aeabi_dadd              
00002caf  __aeabi_idiv0             
00002cb1  _Atan                     
00002e3d  atan2                     
00002fb9  fmod                      
0000312d  CreateQueue               
00003153  QueueEmpty                
00003177  QueueFull                 
0000319d  Append                    
000031fb  Serve                     
0000324d  QueueSize                 
0000325b  ClearQueue                
00003279  QueueFront                
000032a1  sqrt                      
000033e9  __aeabi_ddiv              
0000351f  GPIOPadConfigSet          
00003651  Token_get                 
0000376d  SysCtlClockGet            
0000387d  _Dscale                   
0000398d  spindle_init              
000039f5  spindle_run               
00003a95  __aeabi_dmul              
00003b91  SysCtlClockSet            
00003c85  floor                     
00003d4d  lround                    
00003e0d  _Dint                     
00003ecd  _Dnorm                    
00003f8b  __aeabi_memcpy            
00003f8b  __aeabi_memcpy4           
00003f8b  __aeabi_memcpy8           
00003f8b  memcpy                    
00004027  __aeabi_cdcmpeq           
00004027  __aeabi_cdcmple           
000040ad  __aeabi_cdrcmple          
00004133  __aeabi_memclr            
00004133  __aeabi_memclr4           
00004133  __aeabi_memclr8           
00004135  __aeabi_memset            
00004135  __aeabi_memset4           
00004135  __aeabi_memset8           
0000413b  memset                    
000041ad  __TI_auto_init            
00004285  IntEnable                 
000042ed  _Dunscale                 
00004355  TimerConfigure            
000043b5  ltoa                      
0000440d  _c_int00                  
0000445d  InitConsole               
000044a9  copy_in                   
000044f5  hypot                     
00004541  GPIOPinConfigure          
00004589  __aeabi_d2iz              
000045d1  __aeabi_d2f               
00004619  UARTConfigSetExpClk       
00004661  C$$EXIT                   
00004665  abort                     
0000466d  exit                      
000046a5  __aeabi_d2uiz             
000046e9  signal                    
00004729  __aeabi_uidiv             
00004729  __aeabi_uidivmod          
00004769  SSIConfigSetExpClk        
000047a5  SysCtlPeripheralPresent   
000047dd  __aeabi_f2d               
00004815  SysCtlPeripheralEnable    
00004849  feraiseexcept             
0000487d  _Feraise                  
000048ad  __aeabi_i2d               
000048db  raise                     
00004909  GPIODirModeSet            
00004933  PWMGenConfigure           
00004955  trunc                     
00004979  UARTDisable               
00004999  PWMPulseWidthSet          
000049b7  cos                       
000049d1  sin                       
000049eb  GPIOPinTypeGPIOOutput     
00004a05  TimerDisable              
00004a1d  _args_main                
00004a35  SysCtlPWMClockSet         
00004a49  UARTEnable                
00004a5d  _register_unlock          
00004a63  _register_lock            
00004a6b  _nop                      
00004a71  GPIOPinTypePWM            
00004a83  GPIOPinTypeSSI            
00004a95  GPIOPinTypeUART           
00004aa7  PWMOutputState            
00004ab9  TimerLoadSet              
00004acb  atof                      
00004add  IntMasterEnable           
00004aed  PWMGenPeriodSet           
00004afd  TimerEnable               
00004b0b  __TI_decompress_none      
00004b19  CPUcpsie                  
00004b25  PWMGenEnable              
00004b31  __TI_zero_init            
00004b3d  ResetISR                  
00004b49  SSIDataPut                
00004b53  SSIEnable                 
00004b5d  TimerIntDisable           
00004b67  UARTCharGet               
00004b71  UARTCharPut               
00004b7b  SSIBusy                   
00004b83  TimerIntEnable            
00004b8b  GPIOPinWrite              
00004b91  SysCtlDelay               
00004b97  UARTClockSourceSet        
00004b9d  __TI_decompress_rle24     
00004ba3  TimerIntClear             
00004ba7  _system_pre_init          
00008354  _ctypes_                  
00008ca0  __TI_Handler_Table_Base   
00008cac  __TI_Handler_Table_Limit  
00008cb8  __TI_CINIT_Base           
00008cc8  __TI_CINIT_Limit          
20000000  Motion_Buffer             
20000b00  system_t                  
20000b7c  new_entry                 
20000ba8  Motion_Queue              
20000bb8  Global_Position           
20000bc4  position                  
20000bd0  ID                        
20000bd4  period                    
20000bd8  stepper                   
20000bdc  duty_cycle                
20000be0  __stack                   
20000de0  __STACK_TOP               
200013e0  __STACK_END               
200013e0  utep                      
200018c8  _Denorm                   
200018d8  _Eps                      
200018e8  _Hugeval                  
200018f8  _Inf                      
20001908  _Nan                      
20001918  _Snan                     
20001928  _Rteps                    
20001938  _Xbig                     
20001940  _Zero                     
20001948  GrblGcodeSample           
20001978  _lock                     
2000197c  _unlock                   
20001980  __TI_cleanup_ptr          
20001984  __TI_dtors_ptr            
20001988  _Fenv                     
2000198c  _Tls_setup__Fenv          
20001998  _Errno                    
2000199c  main_func_sp              
ffffffff  __binit__                 
ffffffff  __c_args__                
ffffffff  binit                     
UNDEFED   SHT$$INIT_ARRAY$$Base     
UNDEFED   SHT$$INIT_ARRAY$$Limit    

[203 symbols]
